Sep 18 01:10:49 mirna-VirtualBox rsyslogd: [origin software="rsyslogd" swVersion="8.2001.0" x-pid="606" x-info="https://www.rsyslog.com"] rsyslogd was HUPed
Sep 18 01:10:49 mirna-VirtualBox systemd[1]: logrotate.service: Succeeded.
Sep 18 01:10:49 mirna-VirtualBox systemd[1]: Finished Rotate log files.
Sep 18 01:10:49 mirna-VirtualBox systemd-resolved[538]: Server returned error NXDOMAIN, mitigating potential DNS violation DVE-2018-0001, retrying transaction with reduced feature level UDP.
Sep 18 01:10:49 mirna-VirtualBox systemd-resolved[538]: Server returned error NXDOMAIN, mitigating potential DNS violation DVE-2018-0001, retrying transaction with reduced feature level UDP.
Sep 18 01:10:50 mirna-VirtualBox dbus-daemon[583]: [system] Successfully activated service 'org.freedesktop.fwupd'
Sep 18 01:10:50 mirna-VirtualBox systemd[1]: Started Firmware update daemon.
Sep 18 01:10:50 mirna-VirtualBox fwupdmgr[3343]: Fetching metadata https://cdn.fwupd.org/downloads/firmware.xml.gz
Sep 18 01:10:50 mirna-VirtualBox systemd[1]: man-db.service: Succeeded.
Sep 18 01:10:50 mirna-VirtualBox systemd[1]: Finished Daily man-db regeneration.
Sep 18 01:10:50 mirna-VirtualBox 50-motd-news[3425]:  * Kubernetes 1.19 is out! Get it in one command with:
Sep 18 01:10:50 mirna-VirtualBox 50-motd-news[3425]:      sudo snap install microk8s --channel=1.19 --classic
Sep 18 01:10:50 mirna-VirtualBox 50-motd-news[3425]:    https://microk8s.io/ has docs and details.
Sep 18 01:10:50 mirna-VirtualBox systemd[1]: motd-news.service: Succeeded.
Sep 18 01:10:50 mirna-VirtualBox systemd[1]: Finished Message of the Day.
Sep 18 01:10:50 mirna-VirtualBox systemd-resolved[538]: Server returned error NXDOMAIN, mitigating potential DNS violation DVE-2018-0001, retrying transaction with reduced feature level UDP.
Sep 18 01:10:50 mirna-VirtualBox systemd-resolved[538]: Server returned error NXDOMAIN, mitigating potential DNS violation DVE-2018-0001, retrying transaction with reduced feature level UDP.
Sep 18 01:10:50 mirna-VirtualBox fwupdmgr[3343]: Fetching signature https://cdn.fwupd.org/downloads/firmware.xml.gz.asc
Sep 18 01:10:51 mirna-VirtualBox fwupdmgr[3343]: Successfully downloaded new metadata: 0 local devices supported
Sep 18 01:10:51 mirna-VirtualBox systemd[1]: fwupd-refresh.service: Succeeded.
Sep 18 01:10:51 mirna-VirtualBox systemd[1]: Finished Refresh fwupd metadata and update motd.
Sep 18 01:10:52 mirna-VirtualBox dbus-daemon[583]: [system] Activating via systemd: service name='org.freedesktop.PackageKit' unit='packagekit.service' requested by ':1.97' (uid=0 pid=3786 comm="/usr/bin/gdbus call --system --dest org.freedeskto" label="unconfined")
Sep 18 01:10:52 mirna-VirtualBox systemd[1]: Starting PackageKit Daemon...
Sep 18 01:10:52 mirna-VirtualBox PackageKit: daemon start
Sep 18 01:10:52 mirna-VirtualBox dbus-daemon[583]: [system] Successfully activated service 'org.freedesktop.PackageKit'
Sep 18 01:10:52 mirna-VirtualBox systemd[1]: Started PackageKit Daemon.
Sep 18 01:10:53 mirna-VirtualBox systemd[1]: NetworkManager-dispatcher.service: Succeeded.
Sep 18 01:10:59 mirna-VirtualBox kernel: [17670.071162] 07:10:59.097106 timesync vgsvcTimeSyncWorker: Radical guest time change: 106 715 941 987 000ns (GuestNow=1 600 413 059 097 097 000 ns GuestLast=1 600 306 343 155 110 000 ns fSetTimeLastLoop=true )
Sep 18 01:11:11 mirna-VirtualBox systemd-resolved[538]: Server returned error NXDOMAIN, mitigating potential DNS violation DVE-2018-0001, retrying transaction with reduced feature level UDP.
Sep 18 01:11:16 mirna-VirtualBox update-notifier.desktop[4024]: /var/lib/dpkg/lock:
Sep 18 01:11:36 mirna-VirtualBox systemd[1]: apt-daily.service: Succeeded.
Sep 18 01:11:36 mirna-VirtualBox systemd[1]: Finished Daily apt download activities.
Sep 18 01:11:36 mirna-VirtualBox systemd[1]: Starting Daily apt upgrade and clean activities...
Sep 18 01:12:34 mirna-VirtualBox kernel: [17765.241131] SGI XFS with ACLs, security attributes, realtime, no debug enabled
Sep 18 01:12:34 mirna-VirtualBox kernel: [17765.254850] JFS: nTxBlock = 8192, nTxLock = 65536
Sep 18 01:12:34 mirna-VirtualBox kernel: [17765.280456] ntfs: driver 2.1.32 [Flags: R/O MODULE].
Sep 18 01:12:34 mirna-VirtualBox kernel: [17765.310139] QNX4 filesystem 0.2.3 registered.
Sep 18 01:12:34 mirna-VirtualBox kernel: [17765.369791] raid6: avx2x4   gen() 28006 MB/s
Sep 18 01:12:34 mirna-VirtualBox kernel: [17765.421345] raid6: avx2x4   xor() 25759 MB/s
Sep 18 01:12:34 mirna-VirtualBox kernel: [17765.465625] raid6: avx2x2   gen() 30966 MB/s
Sep 18 01:12:34 mirna-VirtualBox kernel: [17765.521410] raid6: avx2x2   xor() 25072 MB/s
Sep 18 01:12:34 mirna-VirtualBox kernel: [17765.571409] raid6: avx2x1   gen() 33356 MB/s
Sep 18 01:12:34 mirna-VirtualBox kernel: [17765.622179] raid6: avx2x1   xor() 19241 MB/s
Sep 18 01:12:34 mirna-VirtualBox kernel: [17765.681420] raid6: sse2x4   gen() 19572 MB/s
Sep 18 01:12:34 mirna-VirtualBox kernel: [17765.731222] raid6: sse2x4   xor() 12197 MB/s
Sep 18 01:12:34 mirna-VirtualBox kernel: [17765.791229] raid6: sse2x2   gen() 16513 MB/s
Sep 18 01:12:34 mirna-VirtualBox kernel: [17765.845706] raid6: sse2x2   xor()  9673 MB/s
Sep 18 01:12:34 mirna-VirtualBox kernel: [17765.894926] raid6: sse2x1   gen() 12678 MB/s
Sep 18 01:12:34 mirna-VirtualBox kernel: [17765.941640] raid6: sse2x1   xor()  7016 MB/s
Sep 18 01:12:34 mirna-VirtualBox kernel: [17765.941641] raid6: using algorithm avx2x1 gen() 33356 MB/s
Sep 18 01:12:34 mirna-VirtualBox kernel: [17765.941641] raid6: .... xor() 19241 MB/s, rmw enabled
Sep 18 01:12:34 mirna-VirtualBox kernel: [17765.941642] raid6: using avx2x2 recovery algorithm
Sep 18 01:12:34 mirna-VirtualBox /usr/lib/gdm3/gdm-x-session[1082]: (EE) client bug: timer event5 debounce: scheduled expiry is in the past (-436ms), your system is too slow
Sep 18 01:12:34 mirna-VirtualBox /usr/lib/gdm3/gdm-x-session[1082]: (EE) client bug: timer event5 debounce short: scheduled expiry is in the past (-449ms), your system is too slow
Sep 18 01:12:34 mirna-VirtualBox kernel: [17765.961035] xor: automatically using best checksumming function   avx       
Sep 18 01:12:35 mirna-VirtualBox kernel: [17766.003906] Btrfs loaded, crc32c=crc32c-intel
Sep 18 01:12:35 mirna-VirtualBox os-prober: debug: running /usr/lib/os-probes/mounted/05efi on mounted /dev/sda1
Sep 18 01:12:35 mirna-VirtualBox 05efi: debug: Not on UEFI platform
Sep 18 01:12:35 mirna-VirtualBox os-prober: debug: running /usr/lib/os-probes/mounted/10freedos on mounted /dev/sda1
Sep 18 01:12:35 mirna-VirtualBox 10freedos: debug: /dev/sda1 is a FAT32 partition
Sep 18 01:12:35 mirna-VirtualBox os-prober: debug: running /usr/lib/os-probes/mounted/10qnx on mounted /dev/sda1
Sep 18 01:12:35 mirna-VirtualBox 10qnx: debug: /dev/sda1 is not a QNX4 partition: exiting
Sep 18 01:12:35 mirna-VirtualBox os-prober: debug: running /usr/lib/os-probes/mounted/20macosx on mounted /dev/sda1
Sep 18 01:12:35 mirna-VirtualBox macosx-prober: debug: /dev/sda1 is not an HFS+ partition: exiting
Sep 18 01:12:35 mirna-VirtualBox os-prober: debug: running /usr/lib/os-probes/mounted/20microsoft on mounted /dev/sda1
Sep 18 01:12:35 mirna-VirtualBox 20microsoft: debug: /dev/sda1 is a FAT32 partition
Sep 18 01:12:35 mirna-VirtualBox os-prober: debug: running /usr/lib/os-probes/mounted/30utility on mounted /dev/sda1
Sep 18 01:12:35 mirna-VirtualBox 30utility: debug: /dev/sda1 is a FAT32 partition
Sep 18 01:12:35 mirna-VirtualBox os-prober: debug: running /usr/lib/os-probes/mounted/40lsb on mounted /dev/sda1
Sep 18 01:12:35 mirna-VirtualBox os-prober: debug: running /usr/lib/os-probes/mounted/70hurd on mounted /dev/sda1
Sep 18 01:12:35 mirna-VirtualBox os-prober: debug: running /usr/lib/os-probes/mounted/80minix on mounted /dev/sda1
Sep 18 01:12:35 mirna-VirtualBox os-prober: debug: running /usr/lib/os-probes/mounted/83haiku on mounted /dev/sda1
Sep 18 01:12:35 mirna-VirtualBox 83haiku: debug: /dev/sda1 is not a BeFS partition: exiting
Sep 18 01:12:35 mirna-VirtualBox os-prober: debug: running /usr/lib/os-probes/mounted/90linux-distro on mounted /dev/sda1
Sep 18 01:12:35 mirna-VirtualBox os-prober: debug: running /usr/lib/os-probes/mounted/90solaris on mounted /dev/sda1
Sep 18 01:12:35 mirna-VirtualBox os-prober: debug: running /usr/lib/os-probes/50mounted-tests on /dev/sda2
Sep 18 01:12:35 mirna-VirtualBox 50mounted-tests: debug: /dev/sda2 type not recognised; skipping
Sep 18 01:12:35 mirna-VirtualBox os-prober: debug: os detected by /usr/lib/os-probes/50mounted-tests
Sep 18 01:13:25 mirna-VirtualBox snapd[2320]: storehelpers.go:438: cannot refresh: snap has no updates available: "core18", "gnome-3-34-1804", "gtk-common-themes", "snap-store", "snapd"
Sep 18 01:13:35 mirna-VirtualBox systemd[1056]: gnome-terminal-server.service: Succeeded.
Sep 18 01:13:37 mirna-VirtualBox systemd[1056]: Started Application launched by gnome-shell.
Sep 18 01:13:37 mirna-VirtualBox dbus-daemon[1075]: [session uid=1000 pid=1075] Activating via systemd: service name='org.gnome.Terminal' unit='gnome-terminal-server.service' requested by ':1.121' (uid=1000 pid=18242 comm="/usr/bin/gnome-terminal.real --window " label="unconfined")
Sep 18 01:13:37 mirna-VirtualBox systemd[1056]: Starting GNOME Terminal Server...
Sep 18 01:13:37 mirna-VirtualBox dbus-daemon[1075]: [session uid=1000 pid=1075] Successfully activated service 'org.gnome.Terminal'
Sep 18 01:13:37 mirna-VirtualBox systemd[1056]: Started GNOME Terminal Server.
Sep 18 01:13:38 mirna-VirtualBox systemd[1056]: Started VTE child process 18266 launched by gnome-terminal-server process 18249.
Sep 18 01:13:38 mirna-VirtualBox systemd[1056]: gnome-launched-org.gnome.Terminal.desktop-18235.scope: Succeeded.
Sep 18 01:13:52 mirna-VirtualBox dbus-daemon[1075]: [session uid=1000 pid=1075] Activating via systemd: service name='org.freedesktop.Tracker1' unit='tracker-store.service' requested by ':1.2' (uid=1000 pid=1067 comm="/usr/libexec/tracker-miner-fs " label="unconfined")
Sep 18 01:13:52 mirna-VirtualBox systemd[1056]: Starting Tracker metadata database store and lookup manager...
Sep 18 01:13:52 mirna-VirtualBox dbus-daemon[1075]: [session uid=1000 pid=1075] Successfully activated service 'org.freedesktop.Tracker1'
Sep 18 01:13:52 mirna-VirtualBox systemd[1056]: Started Tracker metadata database store and lookup manager.
Sep 18 01:13:52 mirna-VirtualBox dbus-daemon[1075]: [session uid=1000 pid=1075] Activating via systemd: service name='org.freedesktop.Tracker1.Miner.Extract' unit='tracker-extract.service' requested by ':1.2' (uid=1000 pid=1067 comm="/usr/libexec/tracker-miner-fs " label="unconfined")
Sep 18 01:13:52 mirna-VirtualBox systemd[1056]: Starting Tracker metadata extractor...
Sep 18 01:13:52 mirna-VirtualBox tracker-extract[18701]: Set scheduler policy to SCHED_IDLE
Sep 18 01:13:52 mirna-VirtualBox tracker-extract[18701]: Setting priority nice level to 19
Sep 18 01:13:53 mirna-VirtualBox dbus-daemon[1075]: [session uid=1000 pid=1075] Successfully activated service 'org.freedesktop.Tracker1.Miner.Extract'
Sep 18 01:13:53 mirna-VirtualBox systemd[1056]: Started Tracker metadata extractor.
Sep 18 01:14:01 mirna-VirtualBox systemd[1]: apt-daily-upgrade.service: Succeeded.
Sep 18 01:14:01 mirna-VirtualBox systemd[1]: Finished Daily apt upgrade and clean activities.
Sep 18 01:14:01 mirna-VirtualBox systemd[1056]: vte-spawn-f243327e-38f0-4934-922a-0e35d79c2bf1.scope: Succeeded.
Sep 18 01:14:03 mirna-VirtualBox systemd[1056]: tracker-extract.service: Succeeded.
Sep 18 01:14:24 mirna-VirtualBox tracker-store[18672]: OK
Sep 18 01:14:24 mirna-VirtualBox systemd[1056]: tracker-store.service: Succeeded.
Sep 18 01:15:01 mirna-VirtualBox CRON[19650]: (root) CMD (command -v debian-sa1 > /dev/null && debian-sa1 1 1)
Sep 18 01:15:49 mirna-VirtualBox anacron[3341]: Job `cron.daily' started
Sep 18 01:15:49 mirna-VirtualBox anacron[19681]: Updated timestamp for job `cron.daily' to 2020-09-18
Sep 18 01:15:49 mirna-VirtualBox cracklib: no dictionary update necessary.
Sep 18 01:15:49 mirna-VirtualBox anacron[3341]: Job `cron.daily' terminated
Sep 18 01:15:49 mirna-VirtualBox anacron[3341]: Normal exit (1 job run)
Sep 18 01:15:49 mirna-VirtualBox systemd[1]: anacron.service: Succeeded.
Sep 18 01:16:01 mirna-VirtualBox systemd[1]: Reloading.
Sep 18 01:16:01 mirna-VirtualBox systemd[1]: /lib/systemd/system/dbus.socket:5: ListenStream= references a path below legacy directory /var/run/, updating /var/run/dbus/system_bus_socket → /run/dbus/system_bus_socket; please update the unit file accordingly.
Sep 18 01:16:01 mirna-VirtualBox systemd[1]: Reloading.
Sep 18 01:16:02 mirna-VirtualBox systemd[1]: /lib/systemd/system/dbus.socket:5: ListenStream= references a path below legacy directory /var/run/, updating /var/run/dbus/system_bus_socket → /run/dbus/system_bus_socket; please update the unit file accordingly.
Sep 18 01:16:02 mirna-VirtualBox systemd[1]: Created slice system-postfix.slice.
Sep 18 01:16:02 mirna-VirtualBox systemd[1]: Starting Postfix Mail Transport Agent (instance -)...
Sep 18 01:16:03 mirna-VirtualBox postfix/postfix-script[21015]: starting the Postfix mail system
Sep 18 01:16:03 mirna-VirtualBox postfix/master[21017]: daemon started -- version 3.4.13, configuration /etc/postfix
Sep 18 01:16:03 mirna-VirtualBox systemd[1]: Started Postfix Mail Transport Agent (instance -).
Sep 18 01:16:03 mirna-VirtualBox systemd[1]: Starting Postfix Mail Transport Agent...
Sep 18 01:16:03 mirna-VirtualBox systemd[1]: Finished Postfix Mail Transport Agent.
Sep 18 01:16:03 mirna-VirtualBox systemd[1]: Reloading.
Sep 18 01:16:03 mirna-VirtualBox systemd[1]: /lib/systemd/system/dbus.socket:5: ListenStream= references a path below legacy directory /var/run/, updating /var/run/dbus/system_bus_socket → /run/dbus/system_bus_socket; please update the unit file accordingly.
Sep 18 01:16:03 mirna-VirtualBox systemd[1]: Reloading.
Sep 18 01:16:03 mirna-VirtualBox systemd[1]: /lib/systemd/system/dbus.socket:5: ListenStream= references a path below legacy directory /var/run/, updating /var/run/dbus/system_bus_socket → /run/dbus/system_bus_socket; please update the unit file accordingly.
Sep 18 01:16:03 mirna-VirtualBox systemd[1]: Reloading.
Sep 18 01:16:04 mirna-VirtualBox systemd[1]: /lib/systemd/system/dbus.socket:5: ListenStream= references a path below legacy directory /var/run/, updating /var/run/dbus/system_bus_socket → /run/dbus/system_bus_socket; please update the unit file accordingly.
Sep 18 01:16:04 mirna-VirtualBox systemd[1]: Stopping System Logging Service...
Sep 18 01:16:04 mirna-VirtualBox rsyslogd: [origin software="rsyslogd" swVersion="8.2001.0" x-pid="606" x-info="https://www.rsyslog.com"] exiting on signal 15.
Sep 18 01:16:04 mirna-VirtualBox systemd[1]: rsyslog.service: Succeeded.
Sep 18 01:16:04 mirna-VirtualBox systemd[1]: Stopped System Logging Service.
Sep 18 01:16:04 mirna-VirtualBox systemd[1]: Starting System Logging Service...
Sep 18 01:16:04 mirna-VirtualBox rsyslogd: imuxsock: Acquired UNIX socket '/run/systemd/journal/syslog' (fd 3) from systemd.  [v8.2001.0]
Sep 18 01:16:04 mirna-VirtualBox systemd[1]: Started System Logging Service.
Sep 18 01:16:04 mirna-VirtualBox rsyslogd: rsyslogd's groupid changed to 110
Sep 18 01:16:04 mirna-VirtualBox rsyslogd: rsyslogd's userid changed to 104
Sep 18 01:16:04 mirna-VirtualBox rsyslogd: [origin software="rsyslogd" swVersion="8.2001.0" x-pid="21140" x-info="https://www.rsyslog.com"] start
Sep 18 01:16:04 mirna-VirtualBox systemd[1]: Reloading.
Sep 18 01:16:04 mirna-VirtualBox systemd[1]: /lib/systemd/system/dbus.socket:5: ListenStream= references a path below legacy directory /var/run/, updating /var/run/dbus/system_bus_socket → /run/dbus/system_bus_socket; please update the unit file accordingly.
Sep 18 01:16:11 mirna-VirtualBox systemd-resolved[538]: Server returned error NXDOMAIN, mitigating potential DNS violation DVE-2018-0001, retrying transaction with reduced feature level UDP.
Sep 18 01:16:47 mirna-VirtualBox systemd[1]: Reloading.
Sep 18 01:16:47 mirna-VirtualBox systemd[1]: /lib/systemd/system/dbus.socket:5: ListenStream= references a path below legacy directory /var/run/, updating /var/run/dbus/system_bus_socket → /run/dbus/system_bus_socket; please update the unit file accordingly.
Sep 18 01:16:47 mirna-VirtualBox systemd[1]: postfix.service: Succeeded.
Sep 18 01:16:47 mirna-VirtualBox systemd[1]: Stopped Postfix Mail Transport Agent.
Sep 18 01:16:47 mirna-VirtualBox systemd[1]: Stopping Postfix Mail Transport Agent (instance -)...
Sep 18 01:16:47 mirna-VirtualBox systemd[1]: Reloading.
Sep 18 01:16:48 mirna-VirtualBox postfix/postfix-script[22567]: stopping the Postfix mail system
Sep 18 01:16:48 mirna-VirtualBox postfix/master[21017]: terminating on signal 15
Sep 18 01:16:48 mirna-VirtualBox systemd[1]: /lib/systemd/system/dbus.socket:5: ListenStream= references a path below legacy directory /var/run/, updating /var/run/dbus/system_bus_socket → /run/dbus/system_bus_socket; please update the unit file accordingly.
Sep 18 01:16:48 mirna-VirtualBox systemd[1]: postfix@-.service: Succeeded.
Sep 18 01:16:48 mirna-VirtualBox systemd[1]: Stopped Postfix Mail Transport Agent (instance -).
Sep 18 01:16:48 mirna-VirtualBox systemd[1]: Reloading.
Sep 18 01:16:48 mirna-VirtualBox systemd[1]: /lib/systemd/system/dbus.socket:5: ListenStream= references a path below legacy directory /var/run/, updating /var/run/dbus/system_bus_socket → /run/dbus/system_bus_socket; please update the unit file accordingly.
Sep 18 01:16:48 mirna-VirtualBox systemd[1]: Reloading.
Sep 18 01:16:48 mirna-VirtualBox systemd[1]: /lib/systemd/system/dbus.socket:5: ListenStream= references a path below legacy directory /var/run/, updating /var/run/dbus/system_bus_socket → /run/dbus/system_bus_socket; please update the unit file accordingly.
Sep 18 01:17:01 mirna-VirtualBox CRON[23745]: (root) CMD (   cd / && run-parts --report /etc/cron.hourly)
Sep 18 01:17:49 mirna-VirtualBox systemd[1056]: vte-spawn-642e54bf-e478-47c0-936e-5b4cf3a74309.scope: Succeeded.
Sep 18 01:17:49 mirna-VirtualBox systemd[1056]: gnome-terminal-server.service: Succeeded.
Sep 18 01:17:53 mirna-VirtualBox dbus-daemon[583]: [system] Activating service name='org.debian.apt' requested by ':1.162' (uid=1000 pid=19595 comm="/usr/bin/python3 /usr/bin/update-manager --no-upda" label="unconfined") (using servicehelper)
Sep 18 01:17:53 mirna-VirtualBox AptDaemon: INFO: Initializing daemon
Sep 18 01:17:53 mirna-VirtualBox org.debian.apt[23818]: 01:17:53 AptDaemon [INFO]: Initializing daemon
Sep 18 01:17:53 mirna-VirtualBox dbus-daemon[583]: [system] Successfully activated service 'org.debian.apt'
Sep 18 01:17:54 mirna-VirtualBox AptDaemon: INFO: CommitPackages() was called: dbus.Array([dbus.String('')], signature=dbus.Signature('s')), dbus.Array([dbus.String('')], signature=dbus.Signature('s')), dbus.Array([dbus.String('')], signature=dbus.Signature('s')), dbus.Array([dbus.String('')], signature=dbus.Signature('s')), dbus.Array([dbus.String('base-files'), dbus.String('bsdutils'), dbus.String('command-not-found'), dbus.String('fdisk'), dbus.String('fonts-noto-mono'), dbus.String('grub-common'), dbus.String('grub-pc'), dbus.String('grub-pc-bin'), dbus.String('grub2-common'), dbus.String('im-config'), dbus.String('initramfs-tools'), dbus.String('initramfs-tools-bin'), dbus.String('initramfs-tools-core'), dbus.String('language-selector-common'), dbus.String('language-selector-gnome'), dbus.String('libasound2'), dbus.String('libasound2-data'), dbus.String('libatopology2'), dbus.String('libblkid1'), dbus.String('libfdisk1'), dbus.String('libmount1'), dbus.String('libpam-modules'), dbus.String('libpam-modules-bin'), dbus.String('libpam-runtime'), dbus.String('libpam0g'), dbus.String('libpulse-mainloop-glib0'), dbus.String('libpulse0'), dbus.String('libpulsedsp'), dbus.String('libsmartcols1'), dbus.String('libuuid1'), dbus.String('mount'), dbus.String('nodejs'), dbus.String('pulseaudio'), dbus.String('pulseaudio-module-bluetooth'), dbus.String('pulseaudio-utils'), dbus.String('python3-commandnotfound'), dbus.String('python3-distupgrade'), dbus.String('rfkill'), dbus.String('rhythmbox-plugin-alternative-toolbar'), dbus.String('ubuntu-desktop'), dbus.String('ubuntu-desktop-minimal'), dbus.String('ubuntu-minimal'), dbus.String('ubuntu-release-upgrader-core'), dbus.String('ubuntu-release-upgrader-gtk'), dbus.String('ubuntu-standard'), dbus.String('util-linux'), dbus.String('uuid-runtime')], signature=dbus.Signature('s')), dbus.Array([dbus.String('')], signature=dbus.Signature('s'))
Sep 18 01:17:54 mirna-VirtualBox org.debian.apt[23818]: /usr/lib/python3/dist-packages/aptdaemon/worker/pkworker.py:35: PyGIWarning: PackageKitGlib was imported without specifying a version first. Use gi.require_version('PackageKitGlib', '1.0') before import to ensure that the right version gets loaded.
Sep 18 01:17:54 mirna-VirtualBox org.debian.apt[23818]:   from gi.repository import PackageKitGlib as pk
Sep 18 01:17:54 mirna-VirtualBox org.debian.apt[23818]: 01:17:54 AptDaemon [INFO]: CommitPackages() was called: dbus.Array([dbus.String('')], signature=dbus.Signature('s')), dbus.Array([dbus.String('')], signature=dbus.Signature('s')), dbus.Array([dbus.String('')], signature=dbus.Signature('s')), dbus.Array([dbus.String('')], signature=dbus.Signature('s')), dbus.Array([dbus.String('base-files'), dbus.String('bsdutils'), dbus.String('command-not-found'), dbus.String('fdisk'), dbus.String('fonts-noto-mono'), dbus.String('grub-common'), dbus.String('grub-pc'), dbus.String('grub-pc-bin'), dbus.String('grub2-common'), dbus.String('im-config'), dbus.String('initramfs-tools'), dbus.String('initramfs-tools-bin'), dbus.String('initramfs-tools-core'), dbus.String('language-selector-common'), dbus.String('language-selector-gnome'), dbus.String('libasound2'), dbus.String('libasound2-data'), dbus.String('libatopology2'), dbus.String('libblkid1'), dbus.String('libfdisk1'), dbus.String('libmount1'), dbus.String('libpam-modules'), dbus.String('libpam-modules-bin'), dbus.String('libpam-runtime'), dbus.String('libpam0g'), dbus.String('libpulse-mainloop-glib0'), dbus.String('libpulse0'), dbus.String('libpulsedsp'), dbus.String('libsmartcols1'), dbus.String('libuuid1'), dbus.String('mount'), dbus.String('nodejs'), dbus.String('pulseaudio'), dbus.String('pulseaudio-module-bluetooth'), dbus.String('pulseaudio-utils'), dbus.String('python3-commandnotfound'), dbus.String('python3-distupgrade'), dbus.String('rfkill'), dbus.String('rhythmbox-plugin-alternative-toolbar'), dbus.String('ubuntu-desktop'), dbus.String('ubuntu-desktop-minimal'), dbus.String('ubuntu-minimal'), dbus.String('ubuntu-release-upgrader-core'), dbus.String('ubuntu-release-upgrader-gtk'), dbus.String('ubuntu-standard'), dbus.String('util-linux'), dbus.String('uuid-runtime')], signature=dbus.Signature('s')), dbus.Array([dbus.String('')], signature=dbus.Signature('s'))
Sep 18 01:17:54 mirna-VirtualBox AptDaemon.Trans: INFO: Queuing transaction /org/debian/apt/transaction/b95e3bf0b8da457c921cb1fda78d4808
Sep 18 01:17:54 mirna-VirtualBox org.debian.apt[23818]: 01:17:54 AptDaemon.Trans [INFO]: Queuing transaction /org/debian/apt/transaction/b95e3bf0b8da457c921cb1fda78d4808
Sep 18 01:17:54 mirna-VirtualBox AptDaemon.Worker: INFO: Simulating trans: /org/debian/apt/transaction/b95e3bf0b8da457c921cb1fda78d4808
Sep 18 01:17:54 mirna-VirtualBox org.debian.apt[23818]: 01:17:54 AptDaemon.Worker [INFO]: Simulating trans: /org/debian/apt/transaction/b95e3bf0b8da457c921cb1fda78d4808
Sep 18 01:17:54 mirna-VirtualBox AptDaemon.Worker: INFO: Committing packages: dbus.Array([], signature=dbus.Signature('s')), dbus.Array([], signature=dbus.Signature('s')), dbus.Array([], signature=dbus.Signature('s')), dbus.Array([], signature=dbus.Signature('s')), dbus.Array([dbus.String('base-files'), dbus.String('bsdutils'), dbus.String('command-not-found'), dbus.String('fdisk'), dbus.String('fonts-noto-mono'), dbus.String('grub-common'), dbus.String('grub-pc'), dbus.String('grub-pc-bin'), dbus.String('grub2-common'), dbus.String('im-config'), dbus.String('initramfs-tools'), dbus.String('initramfs-tools-bin'), dbus.String('initramfs-tools-core'), dbus.String('language-selector-common'), dbus.String('language-selector-gnome'), dbus.String('libasound2'), dbus.String('libasound2-data'), dbus.String('libatopology2'), dbus.String('libblkid1'), dbus.String('libfdisk1'), dbus.String('libmount1'), dbus.String('libpam-modules'), dbus.String('libpam-modules-bin'), dbus.String('libpam-runtime'), dbus.String('libpam0g'), dbus.String('libpulse-mainloop-glib0'), dbus.String('libpulse0'), dbus.String('libpulsedsp'), dbus.String('libsmartcols1'), dbus.String('libuuid1'), dbus.String('mount'), dbus.String('nodejs'), dbus.String('pulseaudio'), dbus.String('pulseaudio-module-bluetooth'), dbus.String('pulseaudio-utils'), dbus.String('python3-commandnotfound'), dbus.String('python3-distupgrade'), dbus.String('rfkill'), dbus.String('rhythmbox-plugin-alternative-toolbar'), dbus.String('ubuntu-desktop'), dbus.String('ubuntu-desktop-minimal'), dbus.String('ubuntu-minimal'), dbus.String('ubuntu-release-upgrader-core'), dbus.String('ubuntu-release-upgrader-gtk'), dbus.String('ubuntu-standard'), dbus.String('util-linux'), dbus.String('uuid-runtime')], signature=dbus.Signature('s')), dbus.Array([], signature=dbus.Signature('s'))
Sep 18 01:17:54 mirna-VirtualBox org.debian.apt[23818]: 01:17:54 AptDaemon.Worker [INFO]: Committing packages: dbus.Array([], signature=dbus.Signature('s')), dbus.Array([], signature=dbus.Signature('s')), dbus.Array([], signature=dbus.Signature('s')), dbus.Array([], signature=dbus.Signature('s')), dbus.Array([dbus.String('base-files'), dbus.String('bsdutils'), dbus.String('command-not-found'), dbus.String('fdisk'), dbus.String('fonts-noto-mono'), dbus.String('grub-common'), dbus.String('grub-pc'), dbus.String('grub-pc-bin'), dbus.String('grub2-common'), dbus.String('im-config'), dbus.String('initramfs-tools'), dbus.String('initramfs-tools-bin'), dbus.String('initramfs-tools-core'), dbus.String('language-selector-common'), dbus.String('language-selector-gnome'), dbus.String('libasound2'), dbus.String('libasound2-data'), dbus.String('libatopology2'), dbus.String('libblkid1'), dbus.String('libfdisk1'), dbus.String('libmount1'), dbus.String('libpam-modules'), dbus.String('libpam-modules-bin'), dbus.String('libpam-runtime'), dbus.String('libpam0g'), dbus.String('libpulse-mainloop-glib0'), dbus.String('libpulse0'), dbus.String('libpulsedsp'), dbus.String('libsmartcols1'), dbus.String('libuuid1'), dbus.String('mount'), dbus.String('nodejs'), dbus.String('pulseaudio'), dbus.String('pulseaudio-module-bluetooth'), dbus.String('pulseaudio-utils'), dbus.String('python3-commandnotfound'), dbus.String('python3-distupgrade'), dbus.String('rfkill'), dbus.String('rhythmbox-plugin-alternative-toolbar'), dbus.String('ubuntu-desktop'), dbus.String('ubuntu-desktop-minimal'), dbus.String('ubuntu-minimal'), dbus.String('ubuntu-release-upgrader-core'), dbus.String('ubuntu-release-upgrader-gtk'), dbus.String('ubuntu-standard'), dbus.String('util-linux'), dbus.String('uuid-runtime')], signature=dbus.Signature('s')), dbus.Array([], signature=dbus.Signature('s'))
Sep 18 01:17:54 mirna-VirtualBox AptDaemon.Worker: INFO: Processing transaction /org/debian/apt/transaction/b95e3bf0b8da457c921cb1fda78d4808
Sep 18 01:17:54 mirna-VirtualBox org.debian.apt[23818]: 01:17:54 AptDaemon.Worker [INFO]: Processing transaction /org/debian/apt/transaction/b95e3bf0b8da457c921cb1fda78d4808
Sep 18 01:17:54 mirna-VirtualBox systemd-resolved[538]: Server returned error NXDOMAIN, mitigating potential DNS violation DVE-2018-0001, retrying transaction with reduced feature level UDP.
Sep 18 01:17:58 mirna-VirtualBox systemd[1056]: Started debconf communication service.
Sep 18 01:18:00 mirna-VirtualBox systemd[1]: motd-news.timer: Succeeded.
Sep 18 01:18:00 mirna-VirtualBox systemd[1]: Stopped Message of the Day.
Sep 18 01:18:00 mirna-VirtualBox systemd[1]: Reloading.
Sep 18 01:18:01 mirna-VirtualBox systemd[1]: /lib/systemd/system/dbus.socket:5: ListenStream= references a path below legacy directory /var/run/, updating /var/run/dbus/system_bus_socket → /run/dbus/system_bus_socket; please update the unit file accordingly.
Sep 18 01:18:01 mirna-VirtualBox systemd[1]: Reloading.
Sep 18 01:18:01 mirna-VirtualBox systemd[1]: /lib/systemd/system/dbus.socket:5: ListenStream= references a path below legacy directory /var/run/, updating /var/run/dbus/system_bus_socket → /run/dbus/system_bus_socket; please update the unit file accordingly.
Sep 18 01:18:01 mirna-VirtualBox systemd[1]: Reloading.
Sep 18 01:18:02 mirna-VirtualBox systemd[1]: /lib/systemd/system/dbus.socket:5: ListenStream= references a path below legacy directory /var/run/, updating /var/run/dbus/system_bus_socket → /run/dbus/system_bus_socket; please update the unit file accordingly.
Sep 18 01:18:02 mirna-VirtualBox systemd[1]: Started Message of the Day.
Sep 18 01:18:02 mirna-VirtualBox systemd[1]: Reloading.
Sep 18 01:18:02 mirna-VirtualBox systemd[1]: /lib/systemd/system/dbus.socket:5: ListenStream= references a path below legacy directory /var/run/, updating /var/run/dbus/system_bus_socket → /run/dbus/system_bus_socket; please update the unit file accordingly.
Sep 18 01:18:05 mirna-VirtualBox systemd[1]: Reloading.
Sep 18 01:18:05 mirna-VirtualBox systemd[1]: /lib/systemd/system/dbus.socket:5: ListenStream= references a path below legacy directory /var/run/, updating /var/run/dbus/system_bus_socket → /run/dbus/system_bus_socket; please update the unit file accordingly.
Sep 18 01:18:05 mirna-VirtualBox systemd[1]: Reloading.
Sep 18 01:18:05 mirna-VirtualBox systemd[1]: /lib/systemd/system/dbus.socket:5: ListenStream= references a path below legacy directory /var/run/, updating /var/run/dbus/system_bus_socket → /run/dbus/system_bus_socket; please update the unit file accordingly.
Sep 18 01:18:06 mirna-VirtualBox systemd[1]: Reloading.
Sep 18 01:18:06 mirna-VirtualBox systemd[1]: /lib/systemd/system/dbus.socket:5: ListenStream= references a path below legacy directory /var/run/, updating /var/run/dbus/system_bus_socket → /run/dbus/system_bus_socket; please update the unit file accordingly.
Sep 18 01:18:06 mirna-VirtualBox systemd[1]: fstrim.timer: Succeeded.
Sep 18 01:18:06 mirna-VirtualBox systemd[1]: Stopped Discard unused blocks once a week.
Sep 18 01:18:06 mirna-VirtualBox systemd[1]: Stopping Discard unused blocks once a week.
Sep 18 01:18:06 mirna-VirtualBox systemd[1]: Started Discard unused blocks once a week.
Sep 18 01:18:07 mirna-VirtualBox systemd[1]: Reloading.
Sep 18 01:18:07 mirna-VirtualBox systemd[1]: /lib/systemd/system/dbus.socket:5: ListenStream= references a path below legacy directory /var/run/, updating /var/run/dbus/system_bus_socket → /run/dbus/system_bus_socket; please update the unit file accordingly.
Sep 18 01:18:07 mirna-VirtualBox systemd[1]: fstrim.timer: Succeeded.
Sep 18 01:18:07 mirna-VirtualBox systemd[1]: Stopped Discard unused blocks once a week.
Sep 18 01:18:07 mirna-VirtualBox systemd[1]: Stopping Discard unused blocks once a week.
Sep 18 01:18:07 mirna-VirtualBox systemd[1]: Started Discard unused blocks once a week.
Sep 18 01:18:10 mirna-VirtualBox dbus-daemon[1075]: [session uid=1000 pid=1075] Activating via systemd: service name='org.freedesktop.Tracker1' unit='tracker-store.service' requested by ':1.2' (uid=1000 pid=1067 comm="/usr/libexec/tracker-miner-fs " label="unconfined")
Sep 18 01:18:10 mirna-VirtualBox systemd[1056]: Starting Tracker metadata database store and lookup manager...
Sep 18 01:18:10 mirna-VirtualBox dbus-daemon[1075]: [session uid=1000 pid=1075] Successfully activated service 'org.freedesktop.Tracker1'
Sep 18 01:18:10 mirna-VirtualBox systemd[1056]: Started Tracker metadata database store and lookup manager.
Sep 18 01:18:11 mirna-VirtualBox dbus-daemon[1075]: [session uid=1000 pid=1075] Activating via systemd: service name='org.freedesktop.Tracker1.Miner.Extract' unit='tracker-extract.service' requested by ':1.2' (uid=1000 pid=1067 comm="/usr/libexec/tracker-miner-fs " label="unconfined")
Sep 18 01:18:11 mirna-VirtualBox systemd[1056]: Starting Tracker metadata extractor...
Sep 18 01:18:11 mirna-VirtualBox tracker-extract[24459]: Set scheduler policy to SCHED_IDLE
Sep 18 01:18:11 mirna-VirtualBox tracker-extract[24459]: Setting priority nice level to 19
Sep 18 01:18:11 mirna-VirtualBox dbus-daemon[1075]: [session uid=1000 pid=1075] Successfully activated service 'org.freedesktop.Tracker1.Miner.Extract'
Sep 18 01:18:11 mirna-VirtualBox systemd[1056]: Started Tracker metadata extractor.
Sep 18 01:18:11 mirna-VirtualBox dbus-daemon[583]: Unknown group "power" in message bus configuration file
Sep 18 01:18:11 mirna-VirtualBox dbus-daemon[583]: [system] Reloaded configuration
Sep 18 01:18:11 mirna-VirtualBox dbus-daemon[583]: Unknown group "power" in message bus configuration file
Sep 18 01:18:11 mirna-VirtualBox dbus-daemon[583]: [system] Reloaded configuration
Sep 18 01:18:11 mirna-VirtualBox dbus-daemon[583]: Unknown group "power" in message bus configuration file
Sep 18 01:18:11 mirna-VirtualBox dbus-daemon[583]: [system] Reloaded configuration
Sep 18 01:18:11 mirna-VirtualBox dbus-daemon[583]: Unknown group "power" in message bus configuration file
Sep 18 01:18:11 mirna-VirtualBox dbus-daemon[583]: [system] Reloaded configuration
Sep 18 01:18:11 mirna-VirtualBox dbus-daemon[583]: Unknown group "power" in message bus configuration file
Sep 18 01:18:11 mirna-VirtualBox dbus-daemon[583]: [system] Reloaded configuration
Sep 18 01:18:12 mirna-VirtualBox dbus-daemon[583]: Unknown group "power" in message bus configuration file
Sep 18 01:18:12 mirna-VirtualBox dbus-daemon[583]: [system] Reloaded configuration
Sep 18 01:18:12 mirna-VirtualBox dbus-daemon[583]: Unknown group "power" in message bus configuration file
Sep 18 01:18:12 mirna-VirtualBox dbus-daemon[583]: [system] Reloaded configuration
Sep 18 01:18:17 mirna-VirtualBox systemd[1]: Reloading.
Sep 18 01:18:17 mirna-VirtualBox systemd[1]: /lib/systemd/system/dbus.socket:5: ListenStream= references a path below legacy directory /var/run/, updating /var/run/dbus/system_bus_socket → /run/dbus/system_bus_socket; please update the unit file accordingly.
Sep 18 01:18:21 mirna-VirtualBox systemd[1056]: tracker-extract.service: Succeeded.
Sep 18 01:18:24 mirna-VirtualBox systemd[1]: Reloading.
Sep 18 01:18:24 mirna-VirtualBox systemd[1]: /lib/systemd/system/dbus.socket:5: ListenStream= references a path below legacy directory /var/run/, updating /var/run/dbus/system_bus_socket → /run/dbus/system_bus_socket; please update the unit file accordingly.
Sep 18 01:18:24 mirna-VirtualBox systemd[1]: Starting GRUB failed boot detection...
Sep 18 01:18:24 mirna-VirtualBox systemd[1]: grub-initrd-fallback.service: Succeeded.
Sep 18 01:18:24 mirna-VirtualBox systemd[1]: Finished GRUB failed boot detection.
Sep 18 01:18:25 mirna-VirtualBox systemd[1]: Reloading.
Sep 18 01:18:25 mirna-VirtualBox systemd[1]: /lib/systemd/system/dbus.socket:5: ListenStream= references a path below legacy directory /var/run/, updating /var/run/dbus/system_bus_socket → /run/dbus/system_bus_socket; please update the unit file accordingly.
Sep 18 01:18:25 mirna-VirtualBox systemd[1]: Reloading.
Sep 18 01:18:25 mirna-VirtualBox systemd[1]: /lib/systemd/system/dbus.socket:5: ListenStream= references a path below legacy directory /var/run/, updating /var/run/dbus/system_bus_socket → /run/dbus/system_bus_socket; please update the unit file accordingly.
Sep 18 01:18:25 mirna-VirtualBox systemd[1]: Stopping LSB: Record successful boot for GRUB...
Sep 18 01:18:25 mirna-VirtualBox systemd[1]: grub-common.service: Succeeded.
Sep 18 01:18:25 mirna-VirtualBox systemd[1]: Stopped LSB: Record successful boot for GRUB.
Sep 18 01:18:25 mirna-VirtualBox systemd[1]: Starting LSB: Record successful boot for GRUB...
Sep 18 01:18:25 mirna-VirtualBox grub-common[25256]:  * Recording successful boot for GRUB
Sep 18 01:18:25 mirna-VirtualBox grub-common[25256]:    ...done.
Sep 18 01:18:25 mirna-VirtualBox systemd[1]: Started LSB: Record successful boot for GRUB.
Sep 18 01:18:26 mirna-VirtualBox systemd[1]: Reloading.
Sep 18 01:18:26 mirna-VirtualBox systemd[1]: /lib/systemd/system/dbus.socket:5: ListenStream= references a path below legacy directory /var/run/, updating /var/run/dbus/system_bus_socket → /run/dbus/system_bus_socket; please update the unit file accordingly.
Sep 18 01:18:26 mirna-VirtualBox systemd[1]: Reloading.
Sep 18 01:18:27 mirna-VirtualBox systemd[1]: /lib/systemd/system/dbus.socket:5: ListenStream= references a path below legacy directory /var/run/, updating /var/run/dbus/system_bus_socket → /run/dbus/system_bus_socket; please update the unit file accordingly.
Sep 18 01:18:27 mirna-VirtualBox systemd[1]: Started Daemon for generating UUIDs.
Sep 18 01:18:27 mirna-VirtualBox dbus-daemon[583]: Unknown group "power" in message bus configuration file
Sep 18 01:18:27 mirna-VirtualBox dbus-daemon[583]: [system] Reloaded configuration
Sep 18 01:18:28 mirna-VirtualBox dbus-daemon[583]: Unknown group "power" in message bus configuration file
Sep 18 01:18:28 mirna-VirtualBox dbus-daemon[583]: [system] Reloaded configuration
Sep 18 01:18:29 mirna-VirtualBox systemd[1]: Reloading.
Sep 18 01:18:29 mirna-VirtualBox systemd[1]: /lib/systemd/system/dbus.socket:5: ListenStream= references a path below legacy directory /var/run/, updating /var/run/dbus/system_bus_socket → /run/dbus/system_bus_socket; please update the unit file accordingly.
Sep 18 01:18:29 mirna-VirtualBox systemd[1]: Reloading.
Sep 18 01:18:29 mirna-VirtualBox systemd[1]: /lib/systemd/system/dbus.socket:5: ListenStream= references a path below legacy directory /var/run/, updating /var/run/dbus/system_bus_socket → /run/dbus/system_bus_socket; please update the unit file accordingly.
Sep 18 01:18:32 mirna-VirtualBox os-prober: debug: running /usr/lib/os-probes/mounted/05efi on mounted /dev/sda1
Sep 18 01:18:32 mirna-VirtualBox 05efi: debug: Not on UEFI platform
Sep 18 01:18:32 mirna-VirtualBox os-prober: debug: running /usr/lib/os-probes/mounted/10freedos on mounted /dev/sda1
Sep 18 01:18:32 mirna-VirtualBox 10freedos: debug: /dev/sda1 is a FAT32 partition
Sep 18 01:18:32 mirna-VirtualBox os-prober: debug: running /usr/lib/os-probes/mounted/10qnx on mounted /dev/sda1
Sep 18 01:18:32 mirna-VirtualBox 10qnx: debug: /dev/sda1 is not a QNX4 partition: exiting
Sep 18 01:18:32 mirna-VirtualBox os-prober: debug: running /usr/lib/os-probes/mounted/20macosx on mounted /dev/sda1
Sep 18 01:18:32 mirna-VirtualBox macosx-prober: debug: /dev/sda1 is not an HFS+ partition: exiting
Sep 18 01:18:32 mirna-VirtualBox os-prober: debug: running /usr/lib/os-probes/mounted/20microsoft on mounted /dev/sda1
Sep 18 01:18:32 mirna-VirtualBox 20microsoft: debug: /dev/sda1 is a FAT32 partition
Sep 18 01:18:32 mirna-VirtualBox os-prober: debug: running /usr/lib/os-probes/mounted/30utility on mounted /dev/sda1
Sep 18 01:18:32 mirna-VirtualBox 30utility: debug: /dev/sda1 is a FAT32 partition
Sep 18 01:18:32 mirna-VirtualBox os-prober: debug: running /usr/lib/os-probes/mounted/40lsb on mounted /dev/sda1
Sep 18 01:18:32 mirna-VirtualBox os-prober: debug: running /usr/lib/os-probes/mounted/70hurd on mounted /dev/sda1
Sep 18 01:18:32 mirna-VirtualBox os-prober: debug: running /usr/lib/os-probes/mounted/80minix on mounted /dev/sda1
Sep 18 01:18:32 mirna-VirtualBox os-prober: debug: running /usr/lib/os-probes/mounted/83haiku on mounted /dev/sda1
Sep 18 01:18:32 mirna-VirtualBox 83haiku: debug: /dev/sda1 is not a BeFS partition: exiting
Sep 18 01:18:32 mirna-VirtualBox os-prober: debug: running /usr/lib/os-probes/mounted/90linux-distro on mounted /dev/sda1
Sep 18 01:18:32 mirna-VirtualBox os-prober: debug: running /usr/lib/os-probes/mounted/90solaris on mounted /dev/sda1
Sep 18 01:18:32 mirna-VirtualBox os-prober: debug: running /usr/lib/os-probes/50mounted-tests on /dev/sda2
Sep 18 01:18:32 mirna-VirtualBox 50mounted-tests: debug: /dev/sda2 type not recognised; skipping
Sep 18 01:18:32 mirna-VirtualBox os-prober: debug: os detected by /usr/lib/os-probes/50mounted-tests
Sep 18 01:18:33 mirna-VirtualBox systemd[1]: Reloading.
Sep 18 01:18:33 mirna-VirtualBox systemd[1]: /lib/systemd/system/dbus.socket:5: ListenStream= references a path below legacy directory /var/run/, updating /var/run/dbus/system_bus_socket → /run/dbus/system_bus_socket; please update the unit file accordingly.
Sep 18 01:18:38 mirna-VirtualBox systemd[1056]: Started Application launched by gnome-shell.
Sep 18 01:18:40 mirna-VirtualBox thunderbird.desktop[27164]: 1600413520025#011addons.xpi#011WARN#011Can't get modified time of /usr/lib/thunderbird/features/wetransfer@extensions.thunderbird.net
Sep 18 01:18:40 mirna-VirtualBox thunderbird.desktop[27164]: 1600413520253#011addons.xpi-utils#011WARN#011addMetadata: Add-on wetransfer@extensions.thunderbird.net is invalid: [Exception... "Component returned failure code: 0x80520006 (NS_ERROR_FILE_TARGET_DOES_NOT_EXIST) [nsIFile.isFile]"  nsresult: "0x80520006 (NS_ERROR_FILE_TARGET_DOES_NOT_EXIST)"  location: "JS frame :: resource://gre/modules/addons/XPIInstall.jsm :: get :: line 235"  data: no] Stack trace: get()@resource://gre/modules/addons/XPIInstall.jsm:235
Sep 18 01:18:40 mirna-VirtualBox thunderbird.desktop[27164]: syncLoadManifest()@resource://gre/modules/addons/XPIInstall.jsm:754
Sep 18 01:18:40 mirna-VirtualBox thunderbird.desktop[27164]: addMetadata()@resource://gre/modules/addons/XPIDatabase.jsm:2711
Sep 18 01:18:40 mirna-VirtualBox thunderbird.desktop[27164]: processFileChanges()@resource://gre/modules/addons/XPIDatabase.jsm:3152
Sep 18 01:18:40 mirna-VirtualBox thunderbird.desktop[27164]: checkForChanges()@resource://gre/modules/addons/XPIProvider.jsm:2946
Sep 18 01:18:40 mirna-VirtualBox thunderbird.desktop[27164]: startup()@resource://gre/modules/addons/XPIProvider.jsm:2406
Sep 18 01:18:40 mirna-VirtualBox thunderbird.desktop[27164]: callProvider()@resource://gre/modules/AddonManager.jsm:213
Sep 18 01:18:40 mirna-VirtualBox thunderbird.desktop[27164]: _startProvider()@resource://gre/modules/AddonManager.jsm:649
Sep 18 01:18:40 mirna-VirtualBox thunderbird.desktop[27164]: startup()@resource://gre/modules/AddonManager.jsm:873
Sep 18 01:18:40 mirna-VirtualBox thunderbird.desktop[27164]: startup()@resource://gre/modules/AddonManager.jsm:3470
Sep 18 01:18:40 mirna-VirtualBox thunderbird.desktop[27164]: observe()@resource://gre/modules/addonManager.js:70
Sep 18 01:18:40 mirna-VirtualBox thunderbird.desktop[27164]: 1600413520259#011addons.xpi-utils#011WARN#011Could not uninstall invalid item from locked install location
Sep 18 01:18:41 mirna-VirtualBox thunderbird.desktop[27164]: 1600413521408#011addons.xpi-utils#011WARN#011addMetadata: Add-on messagingmenu@mozilla.com is invalid: Error: File /usr/lib/thunderbird/extensions/messagingmenu@mozilla.com.xpi does not contain a valid manifest(resource://gre/modules/addons/XPIInstall.jsm:671:11) JS Stack trace: loadManifest@XPIInstall.jsm:671:11
Sep 18 01:18:41 mirna-VirtualBox thunderbird.desktop[27164]: awaitPromise@XPIProvider.jsm:228:15
Sep 18 01:18:41 mirna-VirtualBox thunderbird.desktop[27164]: syncLoadManifest@XPIInstall.jsm:755:22
Sep 18 01:18:41 mirna-VirtualBox thunderbird.desktop[27164]: addMetadata@XPIDatabase.jsm:2711:32
Sep 18 01:18:41 mirna-VirtualBox thunderbird.desktop[27164]: processFileChanges@XPIDatabase.jsm:3152:26
Sep 18 01:18:41 mirna-VirtualBox thunderbird.desktop[27164]: checkForChanges@XPIProvider.jsm:2946:55
Sep 18 01:18:41 mirna-VirtualBox thunderbird.desktop[27164]: startup@XPIProvider.jsm:2406:12
Sep 18 01:18:41 mirna-VirtualBox thunderbird.desktop[27164]: callProvider@AddonManager.jsm:213:31
Sep 18 01:18:41 mirna-VirtualBox thunderbird.desktop[27164]: _startProvider@AddonManager.jsm:649:5
Sep 18 01:18:41 mirna-VirtualBox thunderbird.desktop[27164]: startup@AddonManager.jsm:873:14
Sep 18 01:18:41 mirna-VirtualBox thunderbird.desktop[27164]: startup@AddonManager.jsm:3470:26
Sep 18 01:18:41 mirna-VirtualBox thunderbird.desktop[27164]: observe@addonManager.js:70:29
Sep 18 01:18:41 mirna-VirtualBox thunderbird.desktop[27164]: 1600413521422#011addons.xpi-utils#011WARN#011Could not uninstall invalid item from locked install location
Sep 21 21:07:11 mirna-VirtualBox kernel: [    0.000000] Linux version 5.4.0-47-generic (buildd@lcy01-amd64-014) (gcc version 9.3.0 (Ubuntu 9.3.0-10ubuntu2)) #51-Ubuntu SMP Fri Sep 4 19:50:52 UTC 2020 (Ubuntu 5.4.0-47.51-generic 5.4.55)
Sep 21 21:07:11 mirna-VirtualBox kernel: [    0.000000] Command line: BOOT_IMAGE=/boot/vmlinuz-5.4.0-47-generic root=UUID=8b73424b-2fed-4c8d-a06a-d33a5c8e2124 ro quiet splash
Sep 21 21:07:11 mirna-VirtualBox kernel: [    0.000000] KERNEL supported cpus:
Sep 21 21:07:11 mirna-VirtualBox kernel: [    0.000000]   Intel GenuineIntel
Sep 21 21:07:11 mirna-VirtualBox kernel: [    0.000000]   AMD AuthenticAMD
Sep 21 21:07:11 mirna-VirtualBox kernel: [    0.000000]   Hygon HygonGenuine
Sep 21 21:07:11 mirna-VirtualBox kernel: [    0.000000]   Centaur CentaurHauls
Sep 21 21:07:11 mirna-VirtualBox kernel: [    0.000000]   zhaoxin   Shanghai  
Sep 21 21:07:11 mirna-VirtualBox kernel: [    0.000000] x86/fpu: Supporting XSAVE feature 0x001: 'x87 floating point registers'
Sep 21 21:07:11 mirna-VirtualBox kernel: [    0.000000] x86/fpu: Supporting XSAVE feature 0x002: 'SSE registers'
Sep 21 21:07:11 mirna-VirtualBox kernel: [    0.000000] x86/fpu: Supporting XSAVE feature 0x004: 'AVX registers'
Sep 21 21:07:11 mirna-VirtualBox kernel: [    0.000000] x86/fpu: xstate_offset[2]:  576, xstate_sizes[2]:  256
Sep 21 21:07:11 mirna-VirtualBox kernel: [    0.000000] x86/fpu: Enabled xstate features 0x7, context size is 832 bytes, using 'standard' format.
Sep 21 21:07:11 mirna-VirtualBox kernel: [    0.000000] BIOS-provided physical RAM map:
Sep 21 21:07:11 mirna-VirtualBox kernel: [    0.000000] BIOS-e820: [mem 0x0000000000000000-0x000000000009fbff] usable
Sep 21 21:07:11 mirna-VirtualBox kernel: [    0.000000] BIOS-e820: [mem 0x000000000009fc00-0x000000000009ffff] reserved
Sep 21 21:07:11 mirna-VirtualBox kernel: [    0.000000] BIOS-e820: [mem 0x00000000000f0000-0x00000000000fffff] reserved
Sep 21 21:07:11 mirna-VirtualBox kernel: [    0.000000] BIOS-e820: [mem 0x0000000000100000-0x00000000a62effff] usable
Sep 21 21:07:11 mirna-VirtualBox kernel: [    0.000000] BIOS-e820: [mem 0x00000000a62f0000-0x00000000a62fffff] ACPI data
Sep 21 21:07:11 mirna-VirtualBox kernel: [    0.000000] BIOS-e820: [mem 0x00000000fec00000-0x00000000fec00fff] reserved
Sep 21 21:07:11 mirna-VirtualBox kernel: [    0.000000] BIOS-e820: [mem 0x00000000fee00000-0x00000000fee00fff] reserved
Sep 21 21:07:11 mirna-VirtualBox kernel: [    0.000000] BIOS-e820: [mem 0x00000000fffc0000-0x00000000ffffffff] reserved
Sep 21 21:07:11 mirna-VirtualBox kernel: [    0.000000] NX (Execute Disable) protection: active
Sep 21 21:07:11 mirna-VirtualBox kernel: [    0.000000] SMBIOS 2.5 present.
Sep 21 21:07:11 mirna-VirtualBox kernel: [    0.000000] DMI: innotek GmbH VirtualBox/VirtualBox, BIOS VirtualBox 12/01/2006
Sep 21 21:07:11 mirna-VirtualBox kernel: [    0.000000] Hypervisor detected: KVM
Sep 21 21:07:11 mirna-VirtualBox kernel: [    0.000000] kvm-clock: Using msrs 4b564d01 and 4b564d00
Sep 21 21:07:11 mirna-VirtualBox kernel: [    0.000000] kvm-clock: cpu 0, msr 47801001, primary cpu clock
Sep 21 21:07:11 mirna-VirtualBox kernel: [    0.000000] kvm-clock: using sched offset of 4063207638 cycles
Sep 21 21:07:11 mirna-VirtualBox kernel: [    0.000002] clocksource: kvm-clock: mask: 0xffffffffffffffff max_cycles: 0x1cd42e4dffb, max_idle_ns: 881590591483 ns
Sep 21 21:07:11 mirna-VirtualBox kernel: [    0.000004] tsc: Detected 2592.000 MHz processor
Sep 21 21:07:11 mirna-VirtualBox kernel: [    0.003825] e820: update [mem 0x00000000-0x00000fff] usable ==> reserved
Sep 21 21:07:11 mirna-VirtualBox kernel: [    0.003827] e820: remove [mem 0x000a0000-0x000fffff] usable
Sep 21 21:07:11 mirna-VirtualBox kernel: [    0.003831] last_pfn = 0xa62f0 max_arch_pfn = 0x400000000
Sep 21 21:07:11 mirna-VirtualBox kernel: [    0.003842] MTRR default type: uncachable
Sep 21 21:07:11 mirna-VirtualBox kernel: [    0.003843] MTRR variable ranges disabled:
Sep 21 21:07:11 mirna-VirtualBox kernel: [    0.003846] Disabled
Sep 21 21:07:11 mirna-VirtualBox kernel: [    0.003847] x86/PAT: MTRRs disabled, skipping PAT initialization too.
Sep 21 21:07:11 mirna-VirtualBox kernel: [    0.003848] CPU MTRRs all blank - virtualized system.
Sep 21 21:07:11 mirna-VirtualBox kernel: [    0.003851] x86/PAT: Configuration [0-7]: WB  WT  UC- UC  WB  WT  UC- UC  
Sep 21 21:07:11 mirna-VirtualBox kernel: [    0.003916] found SMP MP-table at [mem 0x0009fff0-0x0009ffff]
Sep 21 21:07:11 mirna-VirtualBox kernel: [    0.125461] check: Scanning 1 areas for low memory corruption
Sep 21 21:07:11 mirna-VirtualBox kernel: [    0.125622] RAMDISK: [mem 0x3216f000-0x350aefff]
Sep 21 21:07:11 mirna-VirtualBox kernel: [    0.125632] ACPI: Early table checksum verification disabled
Sep 21 21:07:11 mirna-VirtualBox kernel: [    0.125636] ACPI: RSDP 0x00000000000E0000 000024 (v02 VBOX  )
Sep 21 21:07:11 mirna-VirtualBox kernel: [    0.125639] ACPI: XSDT 0x00000000A62F0030 00003C (v01 VBOX   VBOXXSDT 00000001 ASL  00000061)
Sep 21 21:07:11 mirna-VirtualBox kernel: [    0.125644] ACPI: FACP 0x00000000A62F00F0 0000F4 (v04 VBOX   VBOXFACP 00000001 ASL  00000061)
Sep 21 21:07:11 mirna-VirtualBox kernel: [    0.125648] ACPI: DSDT 0x00000000A62F0470 002325 (v02 VBOX   VBOXBIOS 00000002 INTL 20100528)
Sep 21 21:07:11 mirna-VirtualBox kernel: [    0.125651] ACPI: FACS 0x00000000A62F0200 000040
Sep 21 21:07:11 mirna-VirtualBox kernel: [    0.125653] ACPI: FACS 0x00000000A62F0200 000040
Sep 21 21:07:11 mirna-VirtualBox kernel: [    0.125655] ACPI: APIC 0x00000000A62F0240 000054 (v02 VBOX   VBOXAPIC 00000001 ASL  00000061)
Sep 21 21:07:11 mirna-VirtualBox kernel: [    0.125657] ACPI: SSDT 0x00000000A62F02A0 0001CC (v01 VBOX   VBOXCPUT 00000002 INTL 20100528)
Sep 21 21:07:11 mirna-VirtualBox kernel: [    0.125665] ACPI: Local APIC address 0xfee00000
Sep 21 21:07:11 mirna-VirtualBox kernel: [    0.125958] No NUMA configuration found
Sep 21 21:07:11 mirna-VirtualBox kernel: [    0.125959] Faking a node at [mem 0x0000000000000000-0x00000000a62effff]
Sep 21 21:07:11 mirna-VirtualBox kernel: [    0.125966] NODE_DATA(0) allocated [mem 0xa62c5000-0xa62effff]
Sep 21 21:07:11 mirna-VirtualBox kernel: [    0.126096] Zone ranges:
Sep 21 21:07:11 mirna-VirtualBox kernel: [    0.126096]   DMA      [mem 0x0000000000001000-0x0000000000ffffff]
Sep 21 21:07:11 mirna-VirtualBox kernel: [    0.126097]   DMA32    [mem 0x0000000001000000-0x00000000a62effff]
Sep 21 21:07:11 mirna-VirtualBox kernel: [    0.126098]   Normal   empty
Sep 21 21:07:11 mirna-VirtualBox kernel: [    0.126098]   Device   empty
Sep 21 21:07:11 mirna-VirtualBox kernel: [    0.126099] Movable zone start for each node
Sep 21 21:07:11 mirna-VirtualBox kernel: [    0.126100] Early memory node ranges
Sep 21 21:07:11 mirna-VirtualBox kernel: [    0.126101]   node   0: [mem 0x0000000000001000-0x000000000009efff]
Sep 21 21:07:11 mirna-VirtualBox kernel: [    0.126102]   node   0: [mem 0x0000000000100000-0x00000000a62effff]
Sep 21 21:07:11 mirna-VirtualBox kernel: [    0.127797] Zeroed struct page in unavailable ranges: 7538 pages
Sep 21 21:07:11 mirna-VirtualBox kernel: [    0.127798] Initmem setup node 0 [mem 0x0000000000001000-0x00000000a62effff]
Sep 21 21:07:11 mirna-VirtualBox kernel: [    0.127799] On node 0 totalpages: 680590
Sep 21 21:07:11 mirna-VirtualBox kernel: [    0.127801]   DMA zone: 64 pages used for memmap
Sep 21 21:07:11 mirna-VirtualBox kernel: [    0.127801]   DMA zone: 21 pages reserved
Sep 21 21:07:11 mirna-VirtualBox kernel: [    0.127801]   DMA zone: 3998 pages, LIFO batch:0
Sep 21 21:07:11 mirna-VirtualBox kernel: [    0.127830]   DMA32 zone: 10572 pages used for memmap
Sep 21 21:07:11 mirna-VirtualBox kernel: [    0.127831]   DMA32 zone: 676592 pages, LIFO batch:63
Sep 21 21:07:11 mirna-VirtualBox kernel: [    0.134766] ACPI: PM-Timer IO Port: 0x4008
Sep 21 21:07:11 mirna-VirtualBox kernel: [    0.134769] ACPI: Local APIC address 0xfee00000
Sep 21 21:07:11 mirna-VirtualBox kernel: [    0.134815] IOAPIC[0]: apic_id 1, version 32, address 0xfec00000, GSI 0-23
Sep 21 21:07:11 mirna-VirtualBox kernel: [    0.134817] ACPI: INT_SRC_OVR (bus 0 bus_irq 0 global_irq 2 dfl dfl)
Sep 21 21:07:11 mirna-VirtualBox kernel: [    0.134818] ACPI: INT_SRC_OVR (bus 0 bus_irq 9 global_irq 9 low level)
Sep 21 21:07:11 mirna-VirtualBox kernel: [    0.134819] ACPI: IRQ0 used by override.
Sep 21 21:07:11 mirna-VirtualBox kernel: [    0.134820] ACPI: IRQ9 used by override.
Sep 21 21:07:11 mirna-VirtualBox kernel: [    0.134822] Using ACPI (MADT) for SMP configuration information
Sep 21 21:07:11 mirna-VirtualBox kernel: [    0.134826] smpboot: Allowing 1 CPUs, 0 hotplug CPUs
Sep 21 21:07:11 mirna-VirtualBox kernel: [    0.134842] PM: Registered nosave memory: [mem 0x00000000-0x00000fff]
Sep 21 21:07:11 mirna-VirtualBox kernel: [    0.134843] PM: Registered nosave memory: [mem 0x0009f000-0x0009ffff]
Sep 21 21:07:11 mirna-VirtualBox kernel: [    0.134843] PM: Registered nosave memory: [mem 0x000a0000-0x000effff]
Sep 21 21:07:11 mirna-VirtualBox kernel: [    0.134844] PM: Registered nosave memory: [mem 0x000f0000-0x000fffff]
Sep 21 21:07:11 mirna-VirtualBox kernel: [    0.134845] [mem 0xa6300000-0xfebfffff] available for PCI devices
Sep 21 21:07:11 mirna-VirtualBox kernel: [    0.134846] Booting paravirtualized kernel on KVM
Sep 21 21:07:11 mirna-VirtualBox kernel: [    0.134848] clocksource: refined-jiffies: mask: 0xffffffff max_cycles: 0xffffffff, max_idle_ns: 7645519600211568 ns
Sep 21 21:07:11 mirna-VirtualBox kernel: [    0.134851] setup_percpu: NR_CPUS:8192 nr_cpumask_bits:1 nr_cpu_ids:1 nr_node_ids:1
Sep 21 21:07:11 mirna-VirtualBox kernel: [    0.136034] percpu: Embedded 54 pages/cpu s184320 r8192 d28672 u2097152
Sep 21 21:07:11 mirna-VirtualBox kernel: [    0.136037] pcpu-alloc: s184320 r8192 d28672 u2097152 alloc=1*2097152
Sep 21 21:07:11 mirna-VirtualBox kernel: [    0.136038] pcpu-alloc: [0] 0 
Sep 21 21:07:11 mirna-VirtualBox kernel: [    0.136055] Built 1 zonelists, mobility grouping on.  Total pages: 669933
Sep 21 21:07:11 mirna-VirtualBox kernel: [    0.136055] Policy zone: DMA32
Sep 21 21:07:11 mirna-VirtualBox kernel: [    0.136057] Kernel command line: BOOT_IMAGE=/boot/vmlinuz-5.4.0-47-generic root=UUID=8b73424b-2fed-4c8d-a06a-d33a5c8e2124 ro quiet splash
Sep 21 21:07:11 mirna-VirtualBox kernel: [    0.137951] Dentry cache hash table entries: 524288 (order: 10, 4194304 bytes, linear)
Sep 21 21:07:11 mirna-VirtualBox kernel: [    0.138897] Inode-cache hash table entries: 262144 (order: 9, 2097152 bytes, linear)
Sep 21 21:07:11 mirna-VirtualBox kernel: [    0.138929] mem auto-init: stack:off, heap alloc:on, heap free:off
Sep 21 21:07:11 mirna-VirtualBox kernel: [    0.138931] Calgary: detecting Calgary via BIOS EBDA area
Sep 21 21:07:11 mirna-VirtualBox kernel: [    0.138932] Calgary: Unable to locate Rio Grande table in EBDA - bailing!
Sep 21 21:07:11 mirna-VirtualBox kernel: [    0.144496] Memory: 2591476K/2722360K available (14339K kernel code, 2398K rwdata, 4956K rodata, 2716K init, 4988K bss, 130884K reserved, 0K cma-reserved)
Sep 21 21:07:11 mirna-VirtualBox kernel: [    0.144503] random: get_random_u64 called from kmem_cache_open+0x2d/0x410 with crng_init=0
Sep 21 21:07:11 mirna-VirtualBox kernel: [    0.145818] SLUB: HWalign=64, Order=0-3, MinObjects=0, CPUs=1, Nodes=1
Sep 21 21:07:11 mirna-VirtualBox kernel: [    0.145828] Kernel/User page tables isolation: enabled
Sep 21 21:07:11 mirna-VirtualBox kernel: [    0.145837] ftrace: allocating 44505 entries in 174 pages
Sep 21 21:07:11 mirna-VirtualBox kernel: [    0.165294] rcu: Hierarchical RCU implementation.
Sep 21 21:07:11 mirna-VirtualBox kernel: [    0.165296] rcu: 	RCU restricting CPUs from NR_CPUS=8192 to nr_cpu_ids=1.
Sep 21 21:07:11 mirna-VirtualBox kernel: [    0.165298] 	Tasks RCU enabled.
Sep 21 21:07:11 mirna-VirtualBox kernel: [    0.165299] rcu: RCU calculated value of scheduler-enlistment delay is 25 jiffies.
Sep 21 21:07:11 mirna-VirtualBox kernel: [    0.165300] rcu: Adjusting geometry for rcu_fanout_leaf=16, nr_cpu_ids=1
Sep 21 21:07:11 mirna-VirtualBox kernel: [    0.168120] NR_IRQS: 524544, nr_irqs: 256, preallocated irqs: 16
Sep 21 21:07:11 mirna-VirtualBox kernel: [    0.168619] random: crng done (trusting CPU's manufacturer)
Sep 21 21:07:11 mirna-VirtualBox kernel: [    0.176894] Console: colour VGA+ 80x25
Sep 21 21:07:11 mirna-VirtualBox kernel: [    0.176897] printk: console [tty0] enabled
Sep 21 21:07:11 mirna-VirtualBox kernel: [    0.176924] ACPI: Core revision 20190816
Sep 21 21:07:11 mirna-VirtualBox kernel: [    0.177052] APIC: Switch to symmetric I/O mode setup
Sep 21 21:07:11 mirna-VirtualBox kernel: [    0.177264] x2apic enabled
Sep 21 21:07:11 mirna-VirtualBox kernel: [    0.177462] Switched APIC routing to physical x2apic.
Sep 21 21:07:11 mirna-VirtualBox kernel: [    0.178439] ..TIMER: vector=0x30 apic1=0 pin1=2 apic2=-1 pin2=-1
Sep 21 21:07:11 mirna-VirtualBox kernel: [    0.178461] clocksource: tsc-early: mask: 0xffffffffffffffff max_cycles: 0x255cb6cc5db, max_idle_ns: 440795203504 ns
Sep 21 21:07:11 mirna-VirtualBox kernel: [    0.178466] Calibrating delay loop (skipped) preset value.. 5184.00 BogoMIPS (lpj=10368000)
Sep 21 21:07:11 mirna-VirtualBox kernel: [    0.178467] pid_max: default: 32768 minimum: 301
Sep 21 21:07:11 mirna-VirtualBox kernel: [    0.178499] LSM: Security Framework initializing
Sep 21 21:07:11 mirna-VirtualBox kernel: [    0.178507] Yama: becoming mindful.
Sep 21 21:07:11 mirna-VirtualBox kernel: [    0.178527] AppArmor: AppArmor initialized
Sep 21 21:07:11 mirna-VirtualBox kernel: [    0.178559] Mount-cache hash table entries: 8192 (order: 4, 65536 bytes, linear)
Sep 21 21:07:11 mirna-VirtualBox kernel: [    0.178564] Mountpoint-cache hash table entries: 8192 (order: 4, 65536 bytes, linear)
Sep 21 21:07:11 mirna-VirtualBox kernel: [    0.178578] *** VALIDATE tmpfs ***
Sep 21 21:07:11 mirna-VirtualBox kernel: [    0.178693] *** VALIDATE proc ***
Sep 21 21:07:11 mirna-VirtualBox kernel: [    0.178729] *** VALIDATE cgroup1 ***
Sep 21 21:07:11 mirna-VirtualBox kernel: [    0.178730] *** VALIDATE cgroup2 ***
Sep 21 21:07:11 mirna-VirtualBox kernel: [    0.178866] process: using mwait in idle threads
Sep 21 21:07:11 mirna-VirtualBox kernel: [    0.178870] Last level iTLB entries: 4KB 64, 2MB 8, 4MB 8
Sep 21 21:07:11 mirna-VirtualBox kernel: [    0.178871] Last level dTLB entries: 4KB 64, 2MB 0, 4MB 0, 1GB 4
Sep 21 21:07:11 mirna-VirtualBox kernel: [    0.178873] Spectre V1 : Mitigation: usercopy/swapgs barriers and __user pointer sanitization
Sep 21 21:07:11 mirna-VirtualBox kernel: [    0.178874] Spectre V2 : Mitigation: Full generic retpoline
Sep 21 21:07:11 mirna-VirtualBox kernel: [    0.178874] Spectre V2 : Spectre v2 / SpectreRSB mitigation: Filling RSB on context switch
Sep 21 21:07:11 mirna-VirtualBox kernel: [    0.178875] Speculative Store Bypass: Vulnerable
Sep 21 21:07:11 mirna-VirtualBox kernel: [    0.178877] SRBDS: Unknown: Dependent on hypervisor status
Sep 21 21:07:11 mirna-VirtualBox kernel: [    0.178878] MDS: Mitigation: Clear CPU buffers
Sep 21 21:07:11 mirna-VirtualBox kernel: [    0.185302] Freeing SMP alternatives memory: 40K
Sep 21 21:07:11 mirna-VirtualBox kernel: [    0.296087] smpboot: CPU0: Intel(R) Core(TM) i7-9750H CPU @ 2.60GHz (family: 0x6, model: 0x9e, stepping: 0xa)
Sep 21 21:07:11 mirna-VirtualBox kernel: [    0.296217] Performance Events: unsupported p6 CPU model 158 no PMU driver, software events only.
Sep 21 21:07:11 mirna-VirtualBox kernel: [    0.296239] rcu: Hierarchical SRCU implementation.
Sep 21 21:07:11 mirna-VirtualBox kernel: [    0.296643] NMI watchdog: Perf NMI watchdog permanently disabled
Sep 21 21:07:11 mirna-VirtualBox kernel: [    0.297506] smp: Bringing up secondary CPUs ...
Sep 21 21:07:11 mirna-VirtualBox kernel: [    0.297507] smp: Brought up 1 node, 1 CPU
Sep 21 21:07:11 mirna-VirtualBox kernel: [    0.297507] smpboot: Max logical packages: 1
Sep 21 21:07:11 mirna-VirtualBox kernel: [    0.297508] smpboot: Total of 1 processors activated (5184.00 BogoMIPS)
Sep 21 21:07:11 mirna-VirtualBox kernel: [    0.297621] devtmpfs: initialized
Sep 21 21:07:11 mirna-VirtualBox kernel: [    0.297649] x86/mm: Memory block size: 128MB
Sep 21 21:07:11 mirna-VirtualBox kernel: [    0.297890] clocksource: jiffies: mask: 0xffffffff max_cycles: 0xffffffff, max_idle_ns: 7645041785100000 ns
Sep 21 21:07:11 mirna-VirtualBox kernel: [    0.297893] futex hash table entries: 256 (order: 2, 16384 bytes, linear)
Sep 21 21:07:11 mirna-VirtualBox kernel: [    0.297926] pinctrl core: initialized pinctrl subsystem
Sep 21 21:07:11 mirna-VirtualBox kernel: [    0.297992] PM: RTC time: 03:07:05, date: 2020-09-22
Sep 21 21:07:11 mirna-VirtualBox kernel: [    0.298056] NET: Registered protocol family 16
Sep 21 21:07:11 mirna-VirtualBox kernel: [    0.298102] audit: initializing netlink subsys (disabled)
Sep 21 21:07:11 mirna-VirtualBox kernel: [    0.298179] EISA bus registered
Sep 21 21:07:11 mirna-VirtualBox kernel: [    0.298181] cpuidle: using governor ladder
Sep 21 21:07:11 mirna-VirtualBox kernel: [    0.298181] cpuidle: using governor menu
Sep 21 21:07:11 mirna-VirtualBox kernel: [    0.298207] ACPI: bus type PCI registered
Sep 21 21:07:11 mirna-VirtualBox kernel: [    0.298208] acpiphp: ACPI Hot Plug PCI Controller Driver version: 0.5
Sep 21 21:07:11 mirna-VirtualBox kernel: [    0.298289] PCI: Using configuration type 1 for base access
Sep 21 21:07:11 mirna-VirtualBox kernel: [    0.298462] audit: type=2000 audit(1600744030.850:1): state=initialized audit_enabled=0 res=1
Sep 21 21:07:11 mirna-VirtualBox kernel: [    0.298462] HugeTLB registered 2.00 MiB page size, pre-allocated 0 pages
Sep 21 21:07:11 mirna-VirtualBox kernel: [    0.298462] ACPI: Added _OSI(Module Device)
Sep 21 21:07:11 mirna-VirtualBox kernel: [    0.298462] ACPI: Added _OSI(Processor Device)
Sep 21 21:07:11 mirna-VirtualBox kernel: [    0.298462] ACPI: Added _OSI(3.0 _SCP Extensions)
Sep 21 21:07:11 mirna-VirtualBox kernel: [    0.298462] ACPI: Added _OSI(Processor Aggregator Device)
Sep 21 21:07:11 mirna-VirtualBox kernel: [    0.298462] ACPI: Added _OSI(Linux-Dell-Video)
Sep 21 21:07:11 mirna-VirtualBox kernel: [    0.298462] ACPI: Added _OSI(Linux-Lenovo-NV-HDMI-Audio)
Sep 21 21:07:11 mirna-VirtualBox kernel: [    0.298462] ACPI: Added _OSI(Linux-HPI-Hybrid-Graphics)
Sep 21 21:07:11 mirna-VirtualBox kernel: [    0.300131] ACPI: 2 ACPI AML tables successfully acquired and loaded
Sep 21 21:07:11 mirna-VirtualBox kernel: [    0.301983] ACPI: Interpreter enabled
Sep 21 21:07:11 mirna-VirtualBox kernel: [    0.301993] ACPI: (supports S0 S5)
Sep 21 21:07:11 mirna-VirtualBox kernel: [    0.301994] ACPI: Using IOAPIC for interrupt routing
Sep 21 21:07:11 mirna-VirtualBox kernel: [    0.302204] PCI: Using host bridge windows from ACPI; if necessary, use "pci=nocrs" and report a bug
Sep 21 21:07:11 mirna-VirtualBox kernel: [    0.302339] ACPI: Enabled 2 GPEs in block 00 to 07
Sep 21 21:07:11 mirna-VirtualBox kernel: [    0.307207] ACPI: PCI Root Bridge [PCI0] (domain 0000 [bus 00-ff])
Sep 21 21:07:11 mirna-VirtualBox kernel: [    0.307211] acpi PNP0A03:00: _OSC: OS supports [ASPM ClockPM Segments MSI HPX-Type3]
Sep 21 21:07:11 mirna-VirtualBox kernel: [    0.307588] acpi PNP0A03:00: _OSC: not requesting OS control; OS requires [ExtendedConfig ASPM ClockPM MSI]
Sep 21 21:07:11 mirna-VirtualBox kernel: [    0.307595] acpi PNP0A03:00: fail to add MMCONFIG information, can't access extended PCI configuration space under this bridge.
Sep 21 21:07:11 mirna-VirtualBox kernel: [    0.308043] PCI host bridge to bus 0000:00
Sep 21 21:07:11 mirna-VirtualBox kernel: [    0.308045] pci_bus 0000:00: root bus resource [io  0x0000-0x0cf7 window]
Sep 21 21:07:11 mirna-VirtualBox kernel: [    0.308046] pci_bus 0000:00: root bus resource [io  0x0d00-0xffff window]
Sep 21 21:07:11 mirna-VirtualBox kernel: [    0.308047] pci_bus 0000:00: root bus resource [mem 0x000a0000-0x000bffff window]
Sep 21 21:07:11 mirna-VirtualBox kernel: [    0.308048] pci_bus 0000:00: root bus resource [mem 0xa6300000-0xfdffffff window]
Sep 21 21:07:11 mirna-VirtualBox kernel: [    0.308049] pci_bus 0000:00: root bus resource [bus 00-ff]
Sep 21 21:07:11 mirna-VirtualBox kernel: [    0.308100] pci 0000:00:00.0: [8086:1237] type 00 class 0x060000
Sep 21 21:07:11 mirna-VirtualBox kernel: [    0.309145] pci 0000:00:01.0: [8086:7000] type 00 class 0x060100
Sep 21 21:07:11 mirna-VirtualBox kernel: [    0.310062] pci 0000:00:01.1: [8086:7111] type 00 class 0x01018a
Sep 21 21:07:11 mirna-VirtualBox kernel: [    0.310526] pci 0000:00:01.1: reg 0x20: [io  0xd000-0xd00f]
Sep 21 21:07:11 mirna-VirtualBox kernel: [    0.310714] pci 0000:00:01.1: legacy IDE quirk: reg 0x10: [io  0x01f0-0x01f7]
Sep 21 21:07:11 mirna-VirtualBox kernel: [    0.310715] pci 0000:00:01.1: legacy IDE quirk: reg 0x14: [io  0x03f6]
Sep 21 21:07:11 mirna-VirtualBox kernel: [    0.310716] pci 0000:00:01.1: legacy IDE quirk: reg 0x18: [io  0x0170-0x0177]
Sep 21 21:07:11 mirna-VirtualBox kernel: [    0.310717] pci 0000:00:01.1: legacy IDE quirk: reg 0x1c: [io  0x0376]
Sep 21 21:07:11 mirna-VirtualBox kernel: [    0.311329] pci 0000:00:02.0: [15ad:0405] type 00 class 0x030000
Sep 21 21:07:11 mirna-VirtualBox kernel: [    0.312613] pci 0000:00:02.0: reg 0x10: [io  0xd010-0xd01f]
Sep 21 21:07:11 mirna-VirtualBox kernel: [    0.313662] pci 0000:00:02.0: reg 0x14: [mem 0xf0000000-0xf0ffffff pref]
Sep 21 21:07:11 mirna-VirtualBox kernel: [    0.314505] pci 0000:00:02.0: reg 0x18: [mem 0xf1000000-0xf11fffff]
Sep 21 21:07:11 mirna-VirtualBox kernel: [    0.318103] pci 0000:00:03.0: [8086:100e] type 00 class 0x020000
Sep 21 21:07:11 mirna-VirtualBox kernel: [    0.318590] pci 0000:00:03.0: reg 0x10: [mem 0xf1200000-0xf121ffff]
Sep 21 21:07:11 mirna-VirtualBox kernel: [    0.319717] pci 0000:00:03.0: reg 0x18: [io  0xd020-0xd027]
Sep 21 21:07:11 mirna-VirtualBox kernel: [    0.322509] pci 0000:00:04.0: [80ee:cafe] type 00 class 0x088000
Sep 21 21:07:11 mirna-VirtualBox kernel: [    0.323107] pci 0000:00:04.0: reg 0x10: [io  0xd040-0xd05f]
Sep 21 21:07:11 mirna-VirtualBox kernel: [    0.323642] pci 0000:00:04.0: reg 0x14: [mem 0xf1400000-0xf17fffff]
Sep 21 21:07:11 mirna-VirtualBox kernel: [    0.324184] pci 0000:00:04.0: reg 0x18: [mem 0xf1800000-0xf1803fff pref]
Sep 21 21:07:11 mirna-VirtualBox kernel: [    0.327644] pci 0000:00:05.0: [8086:2415] type 00 class 0x040100
Sep 21 21:07:11 mirna-VirtualBox kernel: [    0.327780] pci 0000:00:05.0: reg 0x10: [io  0xd100-0xd1ff]
Sep 21 21:07:11 mirna-VirtualBox kernel: [    0.327847] pci 0000:00:05.0: reg 0x14: [io  0xd200-0xd23f]
Sep 21 21:07:11 mirna-VirtualBox kernel: [    0.328660] pci 0000:00:06.0: [106b:003f] type 00 class 0x0c0310
Sep 21 21:07:11 mirna-VirtualBox kernel: [    0.329256] pci 0000:00:06.0: reg 0x10: [mem 0xf1804000-0xf1804fff]
Sep 21 21:07:11 mirna-VirtualBox kernel: [    0.332667] pci 0000:00:07.0: [8086:7113] type 00 class 0x068000
Sep 21 21:07:11 mirna-VirtualBox kernel: [    0.333227] pci 0000:00:07.0: quirk: [io  0x4000-0x403f] claimed by PIIX4 ACPI
Sep 21 21:07:11 mirna-VirtualBox kernel: [    0.333238] pci 0000:00:07.0: quirk: [io  0x4100-0x410f] claimed by PIIX4 SMB
Sep 21 21:07:11 mirna-VirtualBox kernel: [    0.334527] pci 0000:00:0d.0: [8086:2829] type 00 class 0x010601
Sep 21 21:07:11 mirna-VirtualBox kernel: [    0.335179] pci 0000:00:0d.0: reg 0x10: [io  0xd240-0xd247]
Sep 21 21:07:11 mirna-VirtualBox kernel: [    0.335759] pci 0000:00:0d.0: reg 0x14: [io  0xd248-0xd24b]
Sep 21 21:07:11 mirna-VirtualBox kernel: [    0.336326] pci 0000:00:0d.0: reg 0x18: [io  0xd250-0xd257]
Sep 21 21:07:11 mirna-VirtualBox kernel: [    0.336861] pci 0000:00:0d.0: reg 0x1c: [io  0xd258-0xd25b]
Sep 21 21:07:11 mirna-VirtualBox kernel: [    0.337367] pci 0000:00:0d.0: reg 0x20: [io  0xd260-0xd26f]
Sep 21 21:07:11 mirna-VirtualBox kernel: [    0.337870] pci 0000:00:0d.0: reg 0x24: [mem 0xf1806000-0xf1807fff]
Sep 21 21:07:11 mirna-VirtualBox kernel: [    0.343721] ACPI: PCI Interrupt Link [LNKA] (IRQs 5 9 10 *11)
Sep 21 21:07:11 mirna-VirtualBox kernel: [    0.343945] ACPI: PCI Interrupt Link [LNKB] (IRQs 5 9 *10 11)
Sep 21 21:07:11 mirna-VirtualBox kernel: [    0.344039] ACPI: PCI Interrupt Link [LNKC] (IRQs 5 *9 10 11)
Sep 21 21:07:11 mirna-VirtualBox kernel: [    0.344133] ACPI: PCI Interrupt Link [LNKD] (IRQs 5 9 10 *11)
Sep 21 21:07:11 mirna-VirtualBox kernel: [    0.344339] iommu: Default domain type: Translated 
Sep 21 21:07:11 mirna-VirtualBox kernel: [    0.344473] SCSI subsystem initialized
Sep 21 21:07:11 mirna-VirtualBox kernel: [    0.344494] libata version 3.00 loaded.
Sep 21 21:07:11 mirna-VirtualBox kernel: [    0.344539] pci 0000:00:02.0: vgaarb: setting as boot VGA device
Sep 21 21:07:11 mirna-VirtualBox kernel: [    0.344542] pci 0000:00:02.0: vgaarb: VGA device added: decodes=io+mem,owns=io+mem,locks=none
Sep 21 21:07:11 mirna-VirtualBox kernel: [    0.344543] pci 0000:00:02.0: vgaarb: bridge control possible
Sep 21 21:07:11 mirna-VirtualBox kernel: [    0.344544] vgaarb: loaded
Sep 21 21:07:11 mirna-VirtualBox kernel: [    0.344560] ACPI: bus type USB registered
Sep 21 21:07:11 mirna-VirtualBox kernel: [    0.344572] usbcore: registered new interface driver usbfs
Sep 21 21:07:11 mirna-VirtualBox kernel: [    0.344575] usbcore: registered new interface driver hub
Sep 21 21:07:11 mirna-VirtualBox kernel: [    0.344579] usbcore: registered new device driver usb
Sep 21 21:07:11 mirna-VirtualBox kernel: [    0.344598] pps_core: LinuxPPS API ver. 1 registered
Sep 21 21:07:11 mirna-VirtualBox kernel: [    0.344598] pps_core: Software ver. 5.3.6 - Copyright 2005-2007 Rodolfo Giometti <giometti@linux.it>
Sep 21 21:07:11 mirna-VirtualBox kernel: [    0.344599] PTP clock support registered
Sep 21 21:07:11 mirna-VirtualBox kernel: [    0.344625] EDAC MC: Ver: 3.0.0
Sep 21 21:07:11 mirna-VirtualBox kernel: [    0.344895] PCI: Using ACPI for IRQ routing
Sep 21 21:07:11 mirna-VirtualBox kernel: [    0.344896] PCI: pci_cache_line_size set to 64 bytes
Sep 21 21:07:11 mirna-VirtualBox kernel: [    0.345094] e820: reserve RAM buffer [mem 0x0009fc00-0x0009ffff]
Sep 21 21:07:11 mirna-VirtualBox kernel: [    0.345096] e820: reserve RAM buffer [mem 0xa62f0000-0xa7ffffff]
Sep 21 21:07:11 mirna-VirtualBox kernel: [    0.346469] NetLabel: Initializing
Sep 21 21:07:11 mirna-VirtualBox kernel: [    0.346469] NetLabel:  domain hash size = 128
Sep 21 21:07:11 mirna-VirtualBox kernel: [    0.346469] NetLabel:  protocols = UNLABELED CIPSOv4 CALIPSO
Sep 21 21:07:11 mirna-VirtualBox kernel: [    0.346485] NetLabel:  unlabeled traffic allowed by default
Sep 21 21:07:11 mirna-VirtualBox kernel: [    0.347098] clocksource: Switched to clocksource kvm-clock
Sep 21 21:07:11 mirna-VirtualBox kernel: [    0.358537] *** VALIDATE bpf ***
Sep 21 21:07:11 mirna-VirtualBox kernel: [    0.358589] VFS: Disk quotas dquot_6.6.0
Sep 21 21:07:11 mirna-VirtualBox kernel: [    0.358598] VFS: Dquot-cache hash table entries: 512 (order 0, 4096 bytes)
Sep 21 21:07:11 mirna-VirtualBox kernel: [    0.358611] *** VALIDATE ramfs ***
Sep 21 21:07:11 mirna-VirtualBox kernel: [    0.358611] *** VALIDATE hugetlbfs ***
Sep 21 21:07:11 mirna-VirtualBox kernel: [    0.358611] AppArmor: AppArmor Filesystem Enabled
Sep 21 21:07:11 mirna-VirtualBox kernel: [    0.358611] pnp: PnP ACPI init
Sep 21 21:07:11 mirna-VirtualBox kernel: [    0.358611] pnp 00:00: Plug and Play ACPI device, IDs PNP0303 (active)
Sep 21 21:07:11 mirna-VirtualBox kernel: [    0.358823] pnp 00:01: Plug and Play ACPI device, IDs PNP0f03 (active)
Sep 21 21:07:11 mirna-VirtualBox kernel: [    0.359677] pnp: PnP ACPI: found 2 devices
Sep 21 21:07:11 mirna-VirtualBox kernel: [    0.360455] thermal_sys: Registered thermal governor 'fair_share'
Sep 21 21:07:11 mirna-VirtualBox kernel: [    0.360456] thermal_sys: Registered thermal governor 'bang_bang'
Sep 21 21:07:11 mirna-VirtualBox kernel: [    0.360456] thermal_sys: Registered thermal governor 'step_wise'
Sep 21 21:07:11 mirna-VirtualBox kernel: [    0.360457] thermal_sys: Registered thermal governor 'user_space'
Sep 21 21:07:11 mirna-VirtualBox kernel: [    0.360457] thermal_sys: Registered thermal governor 'power_allocator'
Sep 21 21:07:11 mirna-VirtualBox kernel: [    0.364987] clocksource: acpi_pm: mask: 0xffffff max_cycles: 0xffffff, max_idle_ns: 2085701024 ns
Sep 21 21:07:11 mirna-VirtualBox kernel: [    0.365044] pci_bus 0000:00: resource 4 [io  0x0000-0x0cf7 window]
Sep 21 21:07:11 mirna-VirtualBox kernel: [    0.365045] pci_bus 0000:00: resource 5 [io  0x0d00-0xffff window]
Sep 21 21:07:11 mirna-VirtualBox kernel: [    0.365045] pci_bus 0000:00: resource 6 [mem 0x000a0000-0x000bffff window]
Sep 21 21:07:11 mirna-VirtualBox kernel: [    0.365046] pci_bus 0000:00: resource 7 [mem 0xa6300000-0xfdffffff window]
Sep 21 21:07:11 mirna-VirtualBox kernel: [    0.365138] NET: Registered protocol family 2
Sep 21 21:07:11 mirna-VirtualBox kernel: [    0.365474] tcp_listen_portaddr_hash hash table entries: 2048 (order: 3, 32768 bytes, linear)
Sep 21 21:07:11 mirna-VirtualBox kernel: [    0.365514] TCP established hash table entries: 32768 (order: 6, 262144 bytes, linear)
Sep 21 21:07:11 mirna-VirtualBox kernel: [    0.366671] TCP bind hash table entries: 32768 (order: 7, 524288 bytes, linear)
Sep 21 21:07:11 mirna-VirtualBox kernel: [    0.366697] TCP: Hash tables configured (established 32768 bind 32768)
Sep 21 21:07:11 mirna-VirtualBox kernel: [    0.366739] UDP hash table entries: 2048 (order: 4, 65536 bytes, linear)
Sep 21 21:07:11 mirna-VirtualBox kernel: [    0.366748] UDP-Lite hash table entries: 2048 (order: 4, 65536 bytes, linear)
Sep 21 21:07:11 mirna-VirtualBox kernel: [    0.366834] NET: Registered protocol family 1
Sep 21 21:07:11 mirna-VirtualBox kernel: [    0.366842] NET: Registered protocol family 44
Sep 21 21:07:11 mirna-VirtualBox kernel: [    0.366869] pci 0000:00:00.0: Limiting direct PCI/PCI transfers
Sep 21 21:07:11 mirna-VirtualBox kernel: [    0.366883] pci 0000:00:01.0: Activating ISA DMA hang workarounds
Sep 21 21:07:11 mirna-VirtualBox kernel: [    0.366946] pci 0000:00:02.0: Video device with shadowed ROM at [mem 0x000c0000-0x000dffff]
Sep 21 21:07:11 mirna-VirtualBox kernel: [    0.368162] PCI: CLS 0 bytes, default 64
Sep 21 21:07:11 mirna-VirtualBox kernel: [    0.368198] Trying to unpack rootfs image as initramfs...
Sep 21 21:07:11 mirna-VirtualBox kernel: [    0.544901] Freeing initrd memory: 48384K
Sep 21 21:07:11 mirna-VirtualBox kernel: [    0.544972] clocksource: tsc: mask: 0xffffffffffffffff max_cycles: 0x255cb6cc5db, max_idle_ns: 440795203504 ns
Sep 21 21:07:11 mirna-VirtualBox kernel: [    0.544980] clocksource: Switched to clocksource tsc
Sep 21 21:07:11 mirna-VirtualBox kernel: [    0.545010] platform rtc_cmos: registered platform RTC device (no PNP device found)
Sep 21 21:07:11 mirna-VirtualBox kernel: [    0.545032] check: Scanning for low memory corruption every 60 seconds
Sep 21 21:07:11 mirna-VirtualBox kernel: [    0.545276] Initialise system trusted keyrings
Sep 21 21:07:11 mirna-VirtualBox kernel: [    0.545293] Key type blacklist registered
Sep 21 21:07:11 mirna-VirtualBox kernel: [    0.545338] workingset: timestamp_bits=36 max_order=20 bucket_order=0
Sep 21 21:07:11 mirna-VirtualBox kernel: [    0.546403] zbud: loaded
Sep 21 21:07:11 mirna-VirtualBox kernel: [    0.546720] squashfs: version 4.0 (2009/01/31) Phillip Lougher
Sep 21 21:07:11 mirna-VirtualBox kernel: [    0.546846] fuse: init (API version 7.31)
Sep 21 21:07:11 mirna-VirtualBox kernel: [    0.546859] *** VALIDATE fuse ***
Sep 21 21:07:11 mirna-VirtualBox kernel: [    0.546860] *** VALIDATE fuse ***
Sep 21 21:07:11 mirna-VirtualBox kernel: [    0.546931] Platform Keyring initialized
Sep 21 21:07:11 mirna-VirtualBox kernel: [    0.548339] Key type asymmetric registered
Sep 21 21:07:11 mirna-VirtualBox kernel: [    0.548339] Asymmetric key parser 'x509' registered
Sep 21 21:07:11 mirna-VirtualBox kernel: [    0.548339] Block layer SCSI generic (bsg) driver version 0.4 loaded (major 244)
Sep 21 21:07:11 mirna-VirtualBox kernel: [    0.548339] io scheduler mq-deadline registered
Sep 21 21:07:11 mirna-VirtualBox kernel: [    0.548339] shpchp: Standard Hot Plug PCI Controller Driver version: 0.4
Sep 21 21:07:11 mirna-VirtualBox kernel: [    0.550101] ACPI: AC Adapter [AC] (off-line)
Sep 21 21:07:11 mirna-VirtualBox kernel: [    0.550140] input: Power Button as /devices/LNXSYSTM:00/LNXPWRBN:00/input/input0
Sep 21 21:07:11 mirna-VirtualBox kernel: [    0.550164] ACPI: Power Button [PWRF]
Sep 21 21:07:11 mirna-VirtualBox kernel: [    0.550274] input: Sleep Button as /devices/LNXSYSTM:00/LNXSLPBN:00/input/input1
Sep 21 21:07:11 mirna-VirtualBox kernel: [    0.550286] ACPI: Sleep Button [SLPF]
Sep 21 21:07:11 mirna-VirtualBox kernel: [    0.551654] battery: ACPI: Battery Slot [BAT0] (battery present)
Sep 21 21:07:11 mirna-VirtualBox kernel: [    0.551690] Serial: 8250/16550 driver, 32 ports, IRQ sharing enabled
Sep 21 21:07:11 mirna-VirtualBox kernel: [    0.552689] Linux agpgart interface v0.103
Sep 21 21:07:11 mirna-VirtualBox kernel: [    0.553892] loop: module loaded
Sep 21 21:07:11 mirna-VirtualBox kernel: [    0.553989] ata_piix 0000:00:01.1: version 2.13
Sep 21 21:07:11 mirna-VirtualBox kernel: [    0.554351] scsi host0: ata_piix
Sep 21 21:07:11 mirna-VirtualBox kernel: [    0.554424] scsi host1: ata_piix
Sep 21 21:07:11 mirna-VirtualBox kernel: [    0.554447] ata1: PATA max UDMA/33 cmd 0x1f0 ctl 0x3f6 bmdma 0xd000 irq 14
Sep 21 21:07:11 mirna-VirtualBox kernel: [    0.554447] ata2: PATA max UDMA/33 cmd 0x170 ctl 0x376 bmdma 0xd008 irq 15
Sep 21 21:07:11 mirna-VirtualBox kernel: [    0.554505] libphy: Fixed MDIO Bus: probed
Sep 21 21:07:11 mirna-VirtualBox kernel: [    0.554506] tun: Universal TUN/TAP device driver, 1.6
Sep 21 21:07:11 mirna-VirtualBox kernel: [    0.554807] PPP generic driver version 2.4.2
Sep 21 21:07:11 mirna-VirtualBox kernel: [    0.554849] VFIO - User Level meta-driver version: 0.3
Sep 21 21:07:11 mirna-VirtualBox kernel: [    0.555197] ehci_hcd: USB 2.0 'Enhanced' Host Controller (EHCI) Driver
Sep 21 21:07:11 mirna-VirtualBox kernel: [    0.555199] ehci-pci: EHCI PCI platform driver
Sep 21 21:07:11 mirna-VirtualBox kernel: [    0.555207] ehci-platform: EHCI generic platform driver
Sep 21 21:07:11 mirna-VirtualBox kernel: [    0.555211] ohci_hcd: USB 1.1 'Open' Host Controller (OHCI) Driver
Sep 21 21:07:11 mirna-VirtualBox kernel: [    0.555213] ohci-pci: OHCI PCI platform driver
Sep 21 21:07:11 mirna-VirtualBox kernel: [    0.555801] ohci-pci 0000:00:06.0: OHCI PCI host controller
Sep 21 21:07:11 mirna-VirtualBox kernel: [    0.555808] ohci-pci 0000:00:06.0: new USB bus registered, assigned bus number 1
Sep 21 21:07:11 mirna-VirtualBox kernel: [    0.555867] ohci-pci 0000:00:06.0: irq 22, io mem 0xf1804000
Sep 21 21:07:11 mirna-VirtualBox kernel: [    0.616266] usb usb1: New USB device found, idVendor=1d6b, idProduct=0001, bcdDevice= 5.04
Sep 21 21:07:11 mirna-VirtualBox kernel: [    0.616267] usb usb1: New USB device strings: Mfr=3, Product=2, SerialNumber=1
Sep 21 21:07:11 mirna-VirtualBox kernel: [    0.616269] usb usb1: Product: OHCI PCI host controller
Sep 21 21:07:11 mirna-VirtualBox kernel: [    0.616270] usb usb1: Manufacturer: Linux 5.4.0-47-generic ohci_hcd
Sep 21 21:07:11 mirna-VirtualBox kernel: [    0.616270] usb usb1: SerialNumber: 0000:00:06.0
Sep 21 21:07:11 mirna-VirtualBox kernel: [    0.616368] hub 1-0:1.0: USB hub found
Sep 21 21:07:11 mirna-VirtualBox kernel: [    0.616381] hub 1-0:1.0: 12 ports detected
Sep 21 21:07:11 mirna-VirtualBox kernel: [    0.616761] ohci-platform: OHCI generic platform driver
Sep 21 21:07:11 mirna-VirtualBox kernel: [    0.616771] uhci_hcd: USB Universal Host Controller Interface driver
Sep 21 21:07:11 mirna-VirtualBox kernel: [    0.616815] i8042: PNP: PS/2 Controller [PNP0303:PS2K,PNP0f03:PS2M] at 0x60,0x64 irq 1,12
Sep 21 21:07:11 mirna-VirtualBox kernel: [    0.617263] serio: i8042 KBD port at 0x60,0x64 irq 1
Sep 21 21:07:11 mirna-VirtualBox kernel: [    0.617265] serio: i8042 AUX port at 0x60,0x64 irq 12
Sep 21 21:07:11 mirna-VirtualBox kernel: [    0.617354] mousedev: PS/2 mouse device common for all mice
Sep 21 21:07:11 mirna-VirtualBox kernel: [    0.619817] rtc_cmos rtc_cmos: registered as rtc0
Sep 21 21:07:11 mirna-VirtualBox kernel: [    0.619828] rtc_cmos rtc_cmos: alarms up to one day, 114 bytes nvram
Sep 21 21:07:11 mirna-VirtualBox kernel: [    0.619834] i2c /dev entries driver
Sep 21 21:07:11 mirna-VirtualBox kernel: [    0.619880] device-mapper: uevent: version 1.0.3
Sep 21 21:07:11 mirna-VirtualBox kernel: [    0.619933] device-mapper: ioctl: 4.41.0-ioctl (2019-09-16) initialised: dm-devel@redhat.com
Sep 21 21:07:11 mirna-VirtualBox kernel: [    0.619951] platform eisa.0: Probing EISA bus 0
Sep 21 21:07:11 mirna-VirtualBox kernel: [    0.619952] platform eisa.0: EISA: Cannot allocate resource for mainboard
Sep 21 21:07:11 mirna-VirtualBox kernel: [    0.619953] platform eisa.0: Cannot allocate resource for EISA slot 1
Sep 21 21:07:11 mirna-VirtualBox kernel: [    0.619954] platform eisa.0: Cannot allocate resource for EISA slot 2
Sep 21 21:07:11 mirna-VirtualBox kernel: [    0.619955] platform eisa.0: Cannot allocate resource for EISA slot 3
Sep 21 21:07:11 mirna-VirtualBox kernel: [    0.619956] platform eisa.0: Cannot allocate resource for EISA slot 4
Sep 21 21:07:11 mirna-VirtualBox kernel: [    0.619956] platform eisa.0: Cannot allocate resource for EISA slot 5
Sep 21 21:07:11 mirna-VirtualBox kernel: [    0.619957] platform eisa.0: Cannot allocate resource for EISA slot 6
Sep 21 21:07:11 mirna-VirtualBox kernel: [    0.619958] platform eisa.0: Cannot allocate resource for EISA slot 7
Sep 21 21:07:11 mirna-VirtualBox kernel: [    0.619959] platform eisa.0: Cannot allocate resource for EISA slot 8
Sep 21 21:07:11 mirna-VirtualBox kernel: [    0.619960] platform eisa.0: EISA: Detected 0 cards
Sep 21 21:07:11 mirna-VirtualBox kernel: [    0.619962] intel_pstate: CPU model not supported
Sep 21 21:07:11 mirna-VirtualBox kernel: [    0.619970] ledtrig-cpu: registered to indicate activity on CPUs
Sep 21 21:07:11 mirna-VirtualBox kernel: [    0.620066] intel_pmc_core intel_pmc_core.0:  initialized
Sep 21 21:07:11 mirna-VirtualBox kernel: [    0.620088] drop_monitor: Initializing network drop monitor service
Sep 21 21:07:11 mirna-VirtualBox kernel: [    0.620231] NET: Registered protocol family 10
Sep 21 21:07:11 mirna-VirtualBox kernel: [    0.620434] input: AT Translated Set 2 keyboard as /devices/platform/i8042/serio0/input/input2
Sep 21 21:07:11 mirna-VirtualBox kernel: [    0.625112] Segment Routing with IPv6
Sep 21 21:07:11 mirna-VirtualBox kernel: [    0.625128] NET: Registered protocol family 17
Sep 21 21:07:11 mirna-VirtualBox kernel: [    0.625161] Key type dns_resolver registered
Sep 21 21:07:11 mirna-VirtualBox kernel: [    0.625242] RAS: Correctable Errors collector initialized.
Sep 21 21:07:11 mirna-VirtualBox kernel: [    0.625250] IPI shorthand broadcast: enabled
Sep 21 21:07:11 mirna-VirtualBox kernel: [    0.625256] sched_clock: Marking stable (612528229, 10088698)->(624573908, -1956981)
Sep 21 21:07:11 mirna-VirtualBox kernel: [    0.625299] registered taskstats version 1
Sep 21 21:07:11 mirna-VirtualBox kernel: [    0.625305] Loading compiled-in X.509 certificates
Sep 21 21:07:11 mirna-VirtualBox kernel: [    0.625866] Loaded X.509 cert 'Build time autogenerated kernel key: 52d16be8a47f13ed569e4734dd7da053d9d3759d'
Sep 21 21:07:11 mirna-VirtualBox kernel: [    0.625882] zswap: loaded using pool lzo/zbud
Sep 21 21:07:11 mirna-VirtualBox kernel: [    0.625931] Key type ._fscrypt registered
Sep 21 21:07:11 mirna-VirtualBox kernel: [    0.625932] Key type .fscrypt registered
Sep 21 21:07:11 mirna-VirtualBox kernel: [    0.630446] Key type big_key registered
Sep 21 21:07:11 mirna-VirtualBox kernel: [    0.632636] Key type encrypted registered
Sep 21 21:07:11 mirna-VirtualBox kernel: [    0.632638] AppArmor: AppArmor sha1 policy hashing enabled
Sep 21 21:07:11 mirna-VirtualBox kernel: [    0.632642] ima: No TPM chip found, activating TPM-bypass!
Sep 21 21:07:11 mirna-VirtualBox kernel: [    0.632649] ima: Allocated hash algorithm: sha1
Sep 21 21:07:11 mirna-VirtualBox kernel: [    0.632654] ima: No architecture policies found
Sep 21 21:07:11 mirna-VirtualBox kernel: [    0.632661] evm: Initialising EVM extended attributes:
Sep 21 21:07:11 mirna-VirtualBox kernel: [    0.632661] evm: security.selinux
Sep 21 21:07:11 mirna-VirtualBox kernel: [    0.632661] evm: security.SMACK64
Sep 21 21:07:11 mirna-VirtualBox kernel: [    0.632662] evm: security.SMACK64EXEC
Sep 21 21:07:11 mirna-VirtualBox kernel: [    0.632662] evm: security.SMACK64TRANSMUTE
Sep 21 21:07:11 mirna-VirtualBox kernel: [    0.632662] evm: security.SMACK64MMAP
Sep 21 21:07:11 mirna-VirtualBox kernel: [    0.632663] evm: security.apparmor
Sep 21 21:07:11 mirna-VirtualBox kernel: [    0.632663] evm: security.ima
Sep 21 21:07:11 mirna-VirtualBox kernel: [    0.632664] evm: security.capability
Sep 21 21:07:11 mirna-VirtualBox kernel: [    0.632664] evm: HMAC attrs: 0x1
Sep 21 21:07:11 mirna-VirtualBox kernel: [    0.632906] PM:   Magic number: 4:53:109
Sep 21 21:07:11 mirna-VirtualBox kernel: [    0.632968] rtc_cmos rtc_cmos: setting system clock to 2020-09-22T03:07:05 UTC (1600744025)
Sep 21 21:07:11 mirna-VirtualBox kernel: [    0.728119] ata2.00: ATAPI: VBOX CD-ROM, 1.0, max UDMA/133
Sep 21 21:07:11 mirna-VirtualBox kernel: [    0.728910] scsi 1:0:0:0: CD-ROM            VBOX     CD-ROM           1.0  PQ: 0 ANSI: 5
Sep 21 21:07:11 mirna-VirtualBox kernel: [    0.751466] sr 1:0:0:0: [sr0] scsi3-mmc drive: 32x/32x xa/form2 tray
Sep 21 21:07:11 mirna-VirtualBox kernel: [    0.751468] cdrom: Uniform CD-ROM driver Revision: 3.20
Sep 21 21:07:11 mirna-VirtualBox kernel: [    0.751613] sr 1:0:0:0: Attached scsi CD-ROM sr0
Sep 21 21:07:11 mirna-VirtualBox kernel: [    0.751778] sr 1:0:0:0: Attached scsi generic sg0 type 5
Sep 21 21:07:11 mirna-VirtualBox kernel: [    0.752879] Freeing unused decrypted memory: 2040K
Sep 21 21:07:11 mirna-VirtualBox kernel: [    0.753199] Freeing unused kernel image memory: 2716K
Sep 21 21:07:11 mirna-VirtualBox kernel: [    0.762869] Write protecting the kernel read-only data: 22528k
Sep 21 21:07:11 mirna-VirtualBox kernel: [    0.763254] Freeing unused kernel image memory: 2008K
Sep 21 21:07:11 mirna-VirtualBox kernel: [    0.763458] Freeing unused kernel image memory: 1188K
Sep 21 21:07:11 mirna-VirtualBox kernel: [    0.772242] x86/mm: Checked W+X mappings: passed, no W+X pages found.
Sep 21 21:07:11 mirna-VirtualBox kernel: [    0.772243] x86/mm: Checking user space page tables
Sep 21 21:07:11 mirna-VirtualBox kernel: [    0.779985] x86/mm: Checked W+X mappings: passed, no W+X pages found.
Sep 21 21:07:11 mirna-VirtualBox kernel: [    0.779988] Run /init as init process
Sep 21 21:07:11 mirna-VirtualBox kernel: [    0.863797] ACPI: Video Device [GFX0] (multi-head: yes  rom: no  post: no)
Sep 21 21:07:11 mirna-VirtualBox kernel: [    0.863839] input: Video Bus as /devices/LNXSYSTM:00/LNXSYBUS:00/PNP0A03:00/LNXVIDEO:00/input/input4
Sep 21 21:07:11 mirna-VirtualBox kernel: [    0.875692] e1000: Intel(R) PRO/1000 Network Driver - version 7.3.21-k8-NAPI
Sep 21 21:07:11 mirna-VirtualBox kernel: [    0.875692] e1000: Copyright (c) 1999-2006 Intel Corporation.
Sep 21 21:07:11 mirna-VirtualBox kernel: [    0.880132] piix4_smbus 0000:00:07.0: SMBus Host Controller at 0x4100, revision 0
Sep 21 21:07:11 mirna-VirtualBox kernel: [    0.881793] ahci 0000:00:0d.0: version 3.0
Sep 21 21:07:11 mirna-VirtualBox kernel: [    0.882226] ahci 0000:00:0d.0: SSS flag set, parallel bus scan disabled
Sep 21 21:07:11 mirna-VirtualBox kernel: [    0.882320] ahci 0000:00:0d.0: AHCI 0001.0100 32 slots 1 ports 3 Gbps 0x1 impl SATA mode
Sep 21 21:07:11 mirna-VirtualBox kernel: [    0.882321] ahci 0000:00:0d.0: flags: 64bit ncq stag only ccc 
Sep 21 21:07:11 mirna-VirtualBox kernel: [    0.889138] scsi host2: ahci
Sep 21 21:07:11 mirna-VirtualBox kernel: [    0.889180] ata3: SATA max UDMA/133 abar m8192@0xf1806000 port 0xf1806100 irq 21
Sep 21 21:07:11 mirna-VirtualBox kernel: [    1.088612] input: ImExPS/2 Generic Explorer Mouse as /devices/platform/i8042/serio1/input/input5
Sep 21 21:07:11 mirna-VirtualBox kernel: [    1.094071] usb 1-1: new full-speed USB device number 2 using ohci-pci
Sep 21 21:07:11 mirna-VirtualBox kernel: [    1.202197] ata3: SATA link up 3.0 Gbps (SStatus 123 SControl 300)
Sep 21 21:07:11 mirna-VirtualBox kernel: [    1.206651] ata3.00: ATA-6: VBOX HARDDISK, 1.0, max UDMA/133
Sep 21 21:07:11 mirna-VirtualBox kernel: [    1.206652] ata3.00: 52428800 sectors, multi 128: LBA48 NCQ (depth 32)
Sep 21 21:07:11 mirna-VirtualBox kernel: [    1.211067] ata3.00: configured for UDMA/133
Sep 21 21:07:11 mirna-VirtualBox kernel: [    1.211139] scsi 2:0:0:0: Direct-Access     ATA      VBOX HARDDISK    1.0  PQ: 0 ANSI: 5
Sep 21 21:07:11 mirna-VirtualBox kernel: [    1.211272] sd 2:0:0:0: [sda] 52428800 512-byte logical blocks: (26.8 GB/25.0 GiB)
Sep 21 21:07:11 mirna-VirtualBox kernel: [    1.211277] sd 2:0:0:0: [sda] Write Protect is off
Sep 21 21:07:11 mirna-VirtualBox kernel: [    1.211278] sd 2:0:0:0: [sda] Mode Sense: 00 3a 00 00
Sep 21 21:07:11 mirna-VirtualBox kernel: [    1.211285] sd 2:0:0:0: [sda] Write cache: enabled, read cache: enabled, doesn't support DPO or FUA
Sep 21 21:07:11 mirna-VirtualBox kernel: [    1.211447] sd 2:0:0:0: Attached scsi generic sg1 type 0
Sep 21 21:07:11 mirna-VirtualBox kernel: [    1.220379]  sda: sda1 sda2 < sda5 >
Sep 21 21:07:11 mirna-VirtualBox kernel: [    1.220541] sd 2:0:0:0: [sda] Attached SCSI disk
Sep 21 21:07:11 mirna-VirtualBox kernel: [    1.277487] e1000 0000:00:03.0 eth0: (PCI:33MHz:32-bit) 08:00:27:8c:1b:2f
Sep 21 21:07:11 mirna-VirtualBox kernel: [    1.277491] e1000 0000:00:03.0 eth0: Intel(R) PRO/1000 Network Connection
Sep 21 21:07:11 mirna-VirtualBox kernel: [    1.278505] e1000 0000:00:03.0 enp0s3: renamed from eth0
Sep 21 21:07:11 mirna-VirtualBox kernel: [    1.425069] usb 1-1: New USB device found, idVendor=80ee, idProduct=0021, bcdDevice= 1.00
Sep 21 21:07:11 mirna-VirtualBox kernel: [    1.425071] usb 1-1: New USB device strings: Mfr=1, Product=3, SerialNumber=0
Sep 21 21:07:11 mirna-VirtualBox kernel: [    1.425072] usb 1-1: Product: USB Tablet
Sep 21 21:07:11 mirna-VirtualBox kernel: [    1.425073] usb 1-1: Manufacturer: VirtualBox
Sep 21 21:07:11 mirna-VirtualBox kernel: [    1.432956] hidraw: raw HID events driver (C) Jiri Kosina
Sep 21 21:07:11 mirna-VirtualBox kernel: [    1.444228] usbcore: registered new interface driver usbhid
Sep 21 21:07:11 mirna-VirtualBox kernel: [    1.444229] usbhid: USB HID core driver
Sep 21 21:07:11 mirna-VirtualBox kernel: [    1.447185] input: VirtualBox USB Tablet as /devices/pci0000:00/0000:00:06.0/usb1/1-1/1-1:1.0/0003:80EE:0021.0001/input/input6
Sep 21 21:07:11 mirna-VirtualBox kernel: [    1.447399] hid-generic 0003:80EE:0021.0001: input,hidraw0: USB HID v1.10 Mouse [VirtualBox USB Tablet] on usb-0000:00:06.0-1/input0
Sep 21 21:07:11 mirna-VirtualBox kernel: [    1.634783] EXT4-fs (sda5): mounted filesystem with ordered data mode. Opts: (null)
Sep 21 21:07:11 mirna-VirtualBox kernel: [    1.764235] systemd[1]: Inserted module 'autofs4'
Sep 21 21:07:11 mirna-VirtualBox kernel: [    1.775385] systemd[1]: systemd 245.4-4ubuntu3.2 running in system mode. (+PAM +AUDIT +SELINUX +IMA +APPARMOR +SMACK +SYSVINIT +UTMP +LIBCRYPTSETUP +GCRYPT +GNUTLS +ACL +XZ +LZ4 +SECCOMP +BLKID +ELFUTILS +KMOD +IDN2 -IDN +PCRE2 default-hierarchy=hybrid)
Sep 21 21:07:11 mirna-VirtualBox kernel: [    1.775409] systemd[1]: Detected virtualization oracle.
Sep 21 21:07:11 mirna-VirtualBox kernel: [    1.775415] systemd[1]: Detected architecture x86-64.
Sep 21 21:07:11 mirna-VirtualBox kernel: [    1.776590] systemd[1]: Set hostname to <mirna-VirtualBox>.
Sep 21 21:07:11 mirna-VirtualBox kernel: [    1.886010] systemd[1]: /lib/systemd/system/dbus.socket:5: ListenStream= references a path below legacy directory /var/run/, updating /var/run/dbus/system_bus_socket → /run/dbus/system_bus_socket; please update the unit file accordingly.
Sep 21 21:07:11 mirna-VirtualBox kernel: [    1.948904] systemd[1]: Created slice system-modprobe.slice.
Sep 21 21:07:11 mirna-VirtualBox kernel: [    1.949059] systemd[1]: Created slice system-postgresql.slice.
Sep 21 21:07:11 mirna-VirtualBox kernel: [    1.949188] systemd[1]: Created slice system-systemd\x2dfsck.slice.
Sep 21 21:07:11 mirna-VirtualBox kernel: [    1.949365] systemd[1]: Created slice User and Session Slice.
Sep 21 21:07:11 mirna-VirtualBox kernel: [    1.949410] systemd[1]: Started Forward Password Requests to Wall Directory Watch.
Sep 21 21:07:11 mirna-VirtualBox kernel: [    1.949545] systemd[1]: Set up automount Arbitrary Executable File Formats File System Automount Point.
Sep 21 21:07:11 mirna-VirtualBox kernel: [    1.949578] systemd[1]: Reached target User and Group Name Lookups.
Sep 21 21:07:11 mirna-VirtualBox kernel: [    1.949586] systemd[1]: Reached target Remote File Systems.
Sep 21 21:07:11 mirna-VirtualBox kernel: [    1.949594] systemd[1]: Reached target Slices.
Sep 21 21:07:11 mirna-VirtualBox kernel: [    1.949605] systemd[1]: Reached target System Time Set.
Sep 21 21:07:11 mirna-VirtualBox kernel: [    1.949612] systemd[1]: Reached target System Time Synchronized.
Sep 21 21:07:11 mirna-VirtualBox kernel: [    1.949699] systemd[1]: Listening on Syslog Socket.
Sep 21 21:07:11 mirna-VirtualBox kernel: [    1.949764] systemd[1]: Listening on fsck to fsckd communication Socket.
Sep 21 21:07:11 mirna-VirtualBox kernel: [    1.949797] systemd[1]: Listening on initctl Compatibility Named Pipe.
Sep 21 21:07:11 mirna-VirtualBox kernel: [    1.949914] systemd[1]: Listening on Journal Audit Socket.
Sep 21 21:07:11 mirna-VirtualBox kernel: [    1.949971] systemd[1]: Listening on Journal Socket (/dev/log).
Sep 21 21:07:11 mirna-VirtualBox kernel: [    1.950037] systemd[1]: Listening on Journal Socket.
Sep 21 21:07:11 mirna-VirtualBox kernel: [    1.950106] systemd[1]: Listening on udev Control Socket.
Sep 21 21:07:11 mirna-VirtualBox kernel: [    1.950150] systemd[1]: Listening on udev Kernel Socket.
Sep 21 21:07:11 mirna-VirtualBox kernel: [    1.950725] systemd[1]: Mounting Huge Pages File System...
Sep 21 21:07:11 mirna-VirtualBox kernel: [    1.951351] systemd[1]: Mounting POSIX Message Queue File System...
Sep 21 21:07:11 mirna-VirtualBox kernel: [    1.951959] systemd[1]: Mounting Kernel Debug File System...
Sep 21 21:07:11 mirna-VirtualBox kernel: [    1.952590] systemd[1]: Mounting Kernel Trace File System...
Sep 21 21:07:11 mirna-VirtualBox kernel: [    1.953683] systemd[1]: Starting Journal Service...
Sep 21 21:07:11 mirna-VirtualBox kernel: [    1.957493] systemd[1]: Starting Set the console keyboard layout...
Sep 21 21:07:11 mirna-VirtualBox kernel: [    1.973715] systemd[1]: Starting Create list of static device nodes for the current kernel...
Sep 21 21:07:11 mirna-VirtualBox kernel: [    1.981063] systemd[1]: Starting Load Kernel Module drm...
Sep 21 21:07:11 mirna-VirtualBox kernel: [    1.984241] systemd[1]: Condition check resulted in Set Up Additional Binary Formats being skipped.
Sep 21 21:07:11 mirna-VirtualBox kernel: [    1.984263] systemd[1]: Condition check resulted in File System Check on Root Device being skipped.
Sep 21 21:07:11 mirna-VirtualBox kernel: [    1.986053] systemd[1]: Starting Load Kernel Modules...
Sep 21 21:07:11 mirna-VirtualBox kernel: [    1.986773] systemd[1]: Starting Remount Root and Kernel File Systems...
Sep 21 21:07:11 mirna-VirtualBox kernel: [    2.002697] systemd[1]: Starting udev Coldplug all Devices...
Sep 21 21:07:11 mirna-VirtualBox kernel: [    2.006658] EXT4-fs (sda5): re-mounted. Opts: errors=remount-ro
Sep 21 21:07:11 mirna-VirtualBox kernel: [    2.008154] systemd[1]: Starting Uncomplicated firewall...
Sep 21 21:07:11 mirna-VirtualBox kernel: [    2.017269] systemd[1]: Mounted Huge Pages File System.
Sep 21 21:07:11 mirna-VirtualBox kernel: [    2.017351] systemd[1]: Mounted POSIX Message Queue File System.
Sep 21 21:07:11 mirna-VirtualBox kernel: [    2.017429] systemd[1]: Mounted Kernel Debug File System.
Sep 21 21:07:11 mirna-VirtualBox kernel: [    2.017505] systemd[1]: Mounted Kernel Trace File System.
Sep 21 21:07:11 mirna-VirtualBox kernel: [    2.030644] systemd[1]: Finished Create list of static device nodes for the current kernel.
Sep 21 21:07:11 mirna-VirtualBox kernel: [    2.030910] systemd[1]: modprobe@drm.service: Succeeded.
Sep 21 21:07:11 mirna-VirtualBox kernel: [    2.031107] systemd[1]: Finished Load Kernel Module drm.
Sep 21 21:07:11 mirna-VirtualBox kernel: [    2.031658] systemd[1]: Finished Remount Root and Kernel File Systems.
Sep 21 21:07:11 mirna-VirtualBox kernel: [    2.031940] systemd[1]: Finished Uncomplicated firewall.
Sep 21 21:07:11 mirna-VirtualBox kernel: [    2.032498] systemd[1]: Activating swap /swapfile...
Sep 21 21:07:11 mirna-VirtualBox kernel: [    2.034645] systemd[1]: Condition check resulted in Rebuild Hardware Database being skipped.
Sep 21 21:07:11 mirna-VirtualBox kernel: [    2.034679] systemd[1]: Condition check resulted in Platform Persistent Storage Archival being skipped.
Sep 21 21:07:11 mirna-VirtualBox kernel: [    2.035271] systemd[1]: Starting Load/Save Random Seed...
Sep 21 21:07:11 mirna-VirtualBox kernel: [    2.035959] lp: driver loaded but no devices found
Sep 21 21:07:11 mirna-VirtualBox kernel: [    2.048227] systemd[1]: Starting Create System Users...
Sep 21 21:07:11 mirna-VirtualBox kernel: [    2.079175] systemd[1]: Finished Load/Save Random Seed.
Sep 21 21:07:11 mirna-VirtualBox kernel: [    2.080317] ppdev: user-space parallel port driver
Sep 21 21:07:11 mirna-VirtualBox kernel: [    2.083165] systemd[1]: Finished Create System Users.
Sep 21 21:07:11 mirna-VirtualBox kernel: [    2.083811] systemd[1]: Starting Create Static Device Nodes in /dev...
Sep 21 21:07:11 mirna-VirtualBox kernel: [    2.103494] systemd[1]: Finished Create Static Device Nodes in /dev.
Sep 21 21:07:11 mirna-VirtualBox kernel: [    2.104134] systemd[1]: Starting udev Kernel Device Manager...
Sep 21 21:07:11 mirna-VirtualBox kernel: [    2.132950] [drm] DMA map mode: Caching DMA mappings.
Sep 21 21:07:11 mirna-VirtualBox kernel: [    2.133636] [drm] Capabilities:
Sep 21 21:07:11 mirna-VirtualBox kernel: [    2.133637] [drm]   Cursor.
Sep 21 21:07:11 mirna-VirtualBox kernel: [    2.133637] [drm]   Cursor bypass 2.
Sep 21 21:07:11 mirna-VirtualBox kernel: [    2.133637] [drm]   Alpha cursor.
Sep 21 21:07:11 mirna-VirtualBox kernel: [    2.133637] [drm]   3D.
Sep 21 21:07:11 mirna-VirtualBox kernel: [    2.133638] [drm]   Extended Fifo.
Sep 21 21:07:11 mirna-VirtualBox kernel: [    2.133638] [drm]   Pitchlock.
Sep 21 21:07:11 mirna-VirtualBox kernel: [    2.133638] [drm]   Irq mask.
Sep 21 21:07:11 mirna-VirtualBox kernel: [    2.133638] [drm]   GMR.
Sep 21 21:07:11 mirna-VirtualBox kernel: [    2.133638] [drm]   Traces.
Sep 21 21:07:11 mirna-VirtualBox kernel: [    2.133639] [drm]   GMR2.
Sep 21 21:07:11 mirna-VirtualBox kernel: [    2.133639] [drm]   Screen Object 2.
Sep 21 21:07:11 mirna-VirtualBox kernel: [    2.133640] [drm] Max GMR ids is 8192
Sep 21 21:07:11 mirna-VirtualBox kernel: [    2.133640] [drm] Max number of GMR pages is 1048576
Sep 21 21:07:11 mirna-VirtualBox kernel: [    2.133640] [drm] Max dedicated hypervisor surface memory is 507904 kiB
